Component: ARM Compiler 5.05 update 1 (build 106) Tool: armlink [4d0efa]

==============================================================================

Section Cross References

    main.o(i.main) refers to delay.o(i.delay_init) for delay_init
    main.o(i.main) refers to system_stm32f10x.o(i.SystemInit) for SystemInit
    main.o(i.main) refers to adc.o(i.sampleInit) for sampleInit
    main.o(i.main) refers to misc.o(i.NVIC_PriorityGroupConfig) for NVIC_PriorityGroupConfig
    main.o(i.main) refers to can.o(i.can1Init) for can1Init
    main.o(i.main) refers to can.o(i.can2Init) for can2Init
    main.o(i.main) refers to led.o(i.LED_Init) for LED_Init
    main.o(i.main) refers to timer.o(i.TIM5_Int_Init) for TIM5_Int_Init
    main.o(i.main) refers to delay.o(i.delay_ms) for delay_ms
    main.o(i.main) refers to driver2.o(i.CAN_BLDC_ResetMod) for CAN_BLDC_ResetMod
    main.o(i.main) refers to pwm.o(i.TIM3_PWM_Init) for TIM3_PWM_Init
    main.o(i.main) refers to pwm.o(i.TIM1_PWM_Init) for TIM1_PWM_Init
    main.o(i.main) refers to os_core.o(i.OSInit) for OSInit
    main.o(i.main) refers to cpu_a.o(.text) for CPU_SR_Save
    main.o(i.main) refers to cpu_core.o(i.CPU_IntDisMeasStart) for CPU_IntDisMeasStart
    main.o(i.main) refers to os_core.o(i.OS_SchedLockTimeMeasStart) for OS_SchedLockTimeMeasStart
    main.o(i.main) refers to cpu_core.o(i.CPU_IntDisMeasStop) for CPU_IntDisMeasStop
    main.o(i.main) refers to os_task.o(i.OSTaskCreate) for OSTaskCreate
    main.o(i.main) refers to os_core.o(i.OS_SchedLockTimeMeasStop) for OS_SchedLockTimeMeasStop
    main.o(i.main) refers to os_core.o(i.OS_Sched0) for OS_Sched0
    main.o(i.main) refers to os_core.o(i.OSStart) for OSStart
    main.o(i.main) refers to main.o(.data) for psc1
    main.o(i.main) refers to os_var.o(.data) for OSSchedLockNestingCtr
    main.o(i.main) refers to main.o(.bss) for START_TASK_STK
    main.o(i.main) refers to main.o(i.start_task) for start_task
    main.o(i.start_task) refers to cpu_core.o(i.CPU_Init) for CPU_Init
    main.o(i.start_task) refers to os_stat.o(i.OSStatTaskCPUUsageInit) for OSStatTaskCPUUsageInit
    main.o(i.start_task) refers to cpu_core.o(i.CPU_IntDisMeasMaxCurReset) for CPU_IntDisMeasMaxCurReset
    main.o(i.start_task) refers to os_core.o(i.OSSchedRoundRobinCfg) for OSSchedRoundRobinCfg
    main.o(i.start_task) refers to cpu_a.o(.text) for CPU_SR_Save
    main.o(i.start_task) refers to cpu_core.o(i.CPU_IntDisMeasStart) for CPU_IntDisMeasStart
    main.o(i.start_task) refers to os_core.o(i.OS_SchedLockTimeMeasStart) for OS_SchedLockTimeMeasStart
    main.o(i.start_task) refers to cpu_core.o(i.CPU_IntDisMeasStop) for CPU_IntDisMeasStop
    main.o(i.start_task) refers to os_sem.o(i.OSSemCreate) for OSSemCreate
    main.o(i.start_task) refers to os_task.o(i.OSTaskCreate) for OSTaskCreate
    main.o(i.start_task) refers to os_core.o(i.OS_SchedLockTimeMeasStop) for OS_SchedLockTimeMeasStop
    main.o(i.start_task) refers to os_core.o(i.OS_Sched0) for OS_Sched0
    main.o(i.start_task) refers to os_var.o(.data) for OSSchedLockNestingCtr
    main.o(i.start_task) refers to main.o(.bss) for SYNC_SEM
    main.o(i.start_task) refers to can.o(i.can1_task) for can1_task
    main.o(i.start_task) refers to can.o(i.can2_task) for can2_task
    main.o(i.start_task) refers to pwm.o(i.steer_task) for steer_task
    main.o(i.start_task) refers to adc.o(i.sample_task) for sample_task
    main.o(i.start_task) refers to led.o(i.led_task) for led_task
    system_stm32f10x.o(i.SetSysClock) refers to system_stm32f10x.o(i.SetSysClockTo72) for SetSysClockTo72
    system_stm32f10x.o(i.SystemCoreClockUpdate) refers to system_stm32f10x.o(.data) for SystemCoreClock
    system_stm32f10x.o(i.SystemInit) refers to system_stm32f10x.o(i.SetSysClock) for SetSysClock
    startup_stm32f10x_cl.o(RESET) refers to startup_stm32f10x_cl.o(STACK) for __initial_sp
    startup_stm32f10x_cl.o(RESET) refers to startup_stm32f10x_cl.o(.text) for Reset_Handler
    startup_stm32f10x_cl.o(RESET) refers to stm32f10x_it.o(i.NMI_Handler) for NMI_Handler
    startup_stm32f10x_cl.o(RESET) refers to stm32f10x_it.o(i.HardFault_Handler) for HardFault_Handler
    startup_stm32f10x_cl.o(RESET) refers to stm32f10x_it.o(i.MemManage_Handler) for MemManage_Handler
    startup_stm32f10x_cl.o(RESET) refers to stm32f10x_it.o(i.BusFault_Handler) for BusFault_Handler
    startup_stm32f10x_cl.o(RESET) refers to stm32f10x_it.o(i.UsageFault_Handler) for UsageFault_Handler
    startup_stm32f10x_cl.o(RESET) refers to stm32f10x_it.o(i.SVC_Handler) for SVC_Handler
    startup_stm32f10x_cl.o(RESET) refers to stm32f10x_it.o(i.DebugMon_Handler) for DebugMon_Handler
    startup_stm32f10x_cl.o(RESET) refers to os_cpu_a.o(CODE) for PendSV_Handler
    startup_stm32f10x_cl.o(RESET) refers to delay.o(i.SysTick_Handler) for SysTick_Handler
    startup_stm32f10x_cl.o(RESET) refers to can.o(i.CAN1_RX0_IRQHandler) for CAN1_RX0_IRQHandler
[...]
    i.OS_TickListRemove                      0x08005668   Section        0  os_tick.o(i.OS_TickListRemove)
    i.OS_TickListResetPeak                   0x080056a0   Section        0  os_tick.o(i.OS_TickListResetPeak)
    i.OS_TickListUpdate                      0x080056c4   Section        0  os_tick.o(i.OS_TickListUpdate)
    i.OS_TickTask                            0x080058e4   Section        0  os_tick.o(i.OS_TickTask)
    i.OS_TickTaskInit                        0x08005910   Section        0  os_tick.o(i.OS_TickTaskInit)
    i.OS_TmrInit                             0x080059c8   Section        0  os_tmr.o(i.OS_TmrInit)
    i.OS_TmrLink                             0x08005af0   Section        0  os_tmr.o(i.OS_TmrLink)
    i.OS_TmrResetPeak                        0x08005bc0   Section        0  os_tmr.o(i.OS_TmrResetPeak)
    i.OS_TmrTask                             0x08005be4   Section        0  os_tmr.o(i.OS_TmrTask)
    i.OS_TmrUnlink                           0x08005ca4   Section        0  os_tmr.o(i.OS_TmrUnlink)
    i.RCC_ADCCLKConfig                       0x08005cf4   Section        0  stm32f10x_rcc.o(i.RCC_ADCCLKConfig)
    i.RCC_AHBPeriphClockCmd                  0x08005d0c   Section        0  stm32f10x_rcc.o(i.RCC_AHBPeriphClockCmd)
    i.RCC_APB1PeriphClockCmd                 0x08005d2c   Section        0  stm32f10x_rcc.o(i.RCC_APB1PeriphClockCmd)
    i.RCC_APB2PeriphClockCmd                 0x08005d4c   Section        0  stm32f10x_rcc.o(i.RCC_APB2PeriphClockCmd)
    i.RCC_APB2PeriphResetCmd                 0x08005d6c   Section        0  stm32f10x_rcc.o(i.RCC_APB2PeriphResetCmd)
    i.RCC_GetClocksFreq                      0x08005d8c   Section        0  stm32f10x_rcc.o(i.RCC_GetClocksFreq)
    i.SVC_Handler                            0x08005f1c   Section        0  stm32f10x_it.o(i.SVC_Handler)
    i.SetSysClock                            0x08005f1e   Section        0  system_stm32f10x.o(i.SetSysClock)
    SetSysClock                              0x08005f1f   Thumb Code     8  system_stm32f10x.o(i.SetSysClock)
    i.SetSysClockTo72                        0x08005f28   Section        0  system_stm32f10x.o(i.SetSysClockTo72)
    SetSysClockTo72                          0x08005f29   Thumb Code   264  system_stm32f10x.o(i.SetSysClockTo72)
    i.SysTick_CLKSourceConfig                0x08006040   Section        0  misc.o(i.SysTick_CLKSourceConfig)
    i.SysTick_Handler                        0x08006068   Section        0  delay.o(i.SysTick_Handler)
    i.SystemInit                             0x08006084   Section        0  system_stm32f10x.o(i.SystemInit)
    i.TIM1_PWM_Init                          0x080060f0   Section        0  pwm.o(i.TIM1_PWM_Init)
    i.TIM3_IRQHandler                        0x0800617c   Section        0  pwm.o(i.TIM3_IRQHandler)
    i.TIM3_PWM_Init                          0x08006198   Section        0  pwm.o(i.TIM3_PWM_Init)
    i.TIM5_IRQHandler                        0x08006258   Section        0  timer.o(i.TIM5_IRQHandler)
    i.TIM5_Int_Init                          0x08006280   Section        0  timer.o(i.TIM5_Int_Init)
    i.TIM_ClearITPendingBit                  0x080062e0   Section        0  stm32f10x_tim.o(i.TIM_ClearITPendingBit)
    i.TIM_Cmd                                0x080062e6   Section        0  stm32f10x_tim.o(i.TIM_Cmd)
    i.TIM_CtrlPWMOutputs                     0x080062fe   Section        0  stm32f10x_tim.o(i.TIM_CtrlPWMOutputs)
    i.TIM_GetITStatus                        0x0800631c   Section        0  stm32f10x_tim.o(i.TIM_GetITStatus)
    i.TIM_ITConfig                           0x0800633e   Section        0  stm32f10x_tim.o(i.TIM_ITConfig)
    i.TIM_OC1Init                            0x08006350   Section        0  stm32f10x_tim.o(i.TIM_OC1Init)
    i.TIM_OC1PreloadConfig                   0x080063e8   Section        0  stm32f10x_tim.o(i.TIM_OC1PreloadConfig)
    i.TIM_OC2Init                            0x080063fc   Section        0  stm32f10x_tim.o(i.TIM_OC2Init)
    i.TIM_OC2PreloadConfig                   0x080064a0   Section        0  stm32f10x_tim.o(i.TIM_OC2PreloadConfig)
    i.TIM_OC3Init                            0x080064bc   Section        0  stm32f10x_tim.o(i.TIM_OC3Init)
    i.TIM_OC3PreloadConfig                   0x0800655c   Section        0  stm32f10x_tim.o(i.TIM_OC3PreloadConfig)
    i.TIM_OC4Init                            0x08006570   Section        0  stm32f10x_tim.o(i.TIM_OC4Init)
    i.TIM_OC4PreloadConfig                   0x080065ec   Section        0  stm32f10x_tim.o(i.TIM_OC4PreloadConfig)
    i.TIM_SetCompare1                        0x08006606   Section        0  stm32f10x_tim.o(i.TIM_SetCompare1)
    i.TIM_SetCompare2                        0x0800660a   Section        0  stm32f10x_tim.o(i.TIM_SetCompare2)
    i.TIM_SetCompare3                        0x0800660e   Section        0  stm32f10x_tim.o(i.TIM_SetCompare3)
    i.TIM_SetCompare4                        0x08006612   Section        0  stm32f10x_tim.o(i.TIM_SetCompare4)
    i.TIM_TimeBaseInit                       0x08006618   Section        0  stm32f10x_tim.o(i.TIM_TimeBaseInit)
    i.UsageFault_Handler                     0x080066bc   Section        0  stm32f10x_it.o(i.UsageFault_Handler)
    i.__scatterload_copy                     0x080066c0   Section       14  handlers.o(i.__scatterload_copy)
    i.__scatterload_null                     0x080066ce   Section        2  handlers.o(i.__scatterload_null)
    i.__scatterload_zeroinit                 0x080066d0   Section       14  handlers.o(i.__scatterload_zeroinit)
    i.can1Init                               0x080066e0   Section        0  can.o(i.can1Init)
    i.can1SendMsg                            0x08006810   Section        0  can.o(i.can1SendMsg)
    i.can1_task                              0x08006888   Section        0  can.o(i.can1_task)
    i.can2Init                               0x08006910   Section        0  can.o(i.can2Init)
    i.can2_task                              0x08006a0c   Section        0  can.o(i.can2_task)
    i.delay_init                             0x08006a70   Section        0  delay.o(i.delay_init)
    i.delay_ms                               0x08006ae0   Section        0  delay.o(i.delay_ms)
    i.delay_osschedlock                      0x08006b30   Section        0  delay.o(i.delay_osschedlock)
    i.delay_osschedunlock                    0x08006b3a   Section        0  delay.o(i.delay_osschedunlock)
    i.delay_ostimedly                        0x08006b44   Section        0  delay.o(i.delay_ostimedly)
    i.delay_us                               0x08006b54   Section        0  delay.o(i.delay_us)
    i.get_CAN_BLDC_MOTOR_STATE               0x08006bb0   Section        0  driver2.o(i.get_CAN_BLDC_MOTOR_STATE)
    i.led_task                               0x08006bf0   Section        0  led.o(i.led_task)
    i.main                                   0x08006c20   Section        0  main.o(i.main)
    i.sampleInit                             0x08006de0   Section        0  adc.o(i.sampleInit)
    i.sample_task                            0x08006f70   Section        0  adc.o(i.sample_task)
    i.set_CAN_BLDC_MOTOR_STATE               0x08006ffc   Section        0  driver2.o(i.set_CAN_BLDC_MOTOR_STATE)
    i.start_task                             0x0800703c   Section        0  main.o(i.start_task)
    i.steer_task                             0x080072ac   Section        0  pwm.o(i.steer_task)
    .constdata                               0x0800733c   Section      164  os_cfg_app.o(.constdata)
    .constdata                               0x080073e0   Section      364  os_dbg.o(.constdata)
    .data                                    0x20000000   Section       18  main.o(.data)
    BLDC_State_1                             0x20000000   Data           1  main.o(.data)
    BLDC_State_2                             0x20000001   Data           1  main.o(.data)
    BLDC_State_3                             0x20000002   Data           1  main.o(.data)
    BLDC_State_4                             0x20000003   Data           1  main.o(.data)
    .data                                    0x20000014   Section       20  system_stm32f10x.o(.data)
    .data                                    0x20000028   Section       20  stm32f10x_rcc.o(.data)
    APBAHBPrescTable                         0x20000028   Data          16  stm32f10x_rcc.o(.data)
    ADCPrescTable                            0x20000038   Data           4  stm32f10x_rcc.o(.data)
    .data                                    0x2000003c   Section       84  can.o(.data)
    BLDC_State_1                             0x2000003c   Data           1  can.o(.data)
    BLDC_State_2                             0x2000003d   Data           1  can.o(.data)
    BLDC_State_3                             0x2000003e   Data           1  can.o(.data)
    BLDC_State_4                             0x2000003f   Data           1  can.o(.data)
    .data                                    0x20000090   Section        4  timer.o(.data)
    .data                                    0x20000094   Section       10  driver2.o(.data)
    BLDC_State_1                             0x20000094   Data           1  driver2.o(.data)
    BLDC_State_2                             0x20000095   Data           1  driver2.o(.data)
    BLDC_State_3                             0x20000096   Data           1  driver2.o(.data)
    BLDC_State_4                             0x20000097   Data           1  driver2.o(.data)
    .data                                    0x2000009e   Section        4  delay.o(.data)
    fac_us                                   0x2000009e   Data           1  delay.o(.data)
    fac_ms                                   0x200000a0   Data           2  delay.o(.data)
    .data                                    0x200000a4   Section       28  cpu_core.o(.data)
    .data                                    0x200000c0   Section        4  os_prio.o(.data)
    .data                                    0x200000c4   Section      208  os_var.o(.data)
    .data                                    0x20000194   Section        4  os_cpu_c.o(.data)
    .bss                                     0x20000198   Section     7948  main.o(.bss)
    .bss                                     0x200020a4   Section     1232  adc.o(.bss)
    .bss                                     0x20002574   Section       36  can.o(.bss)
    .bss                                     0x20002598   Section       10  pwm.o(.bss)
    .bss                                     0x200025a2   Section       16  cpu_core.o(.bss)
    .bss                                     0x200025b4   Section     5264  os_cfg_app.o(.bss)
    .bss                                     0x20003a44   Section     1396  os_var.o(.bss)
    STACK                                    0x20003fb8   Section     1024  startup_stm32f10x_cl.o(STACK)

    Global Symbols

    Symbol Name                              Value     Ov Type        Size  Object(Section)

    BuildAttributes$$THM_ISAv4$P$D$K$B$S$PE$A:L22UL41UL21$X:L11$S22US41US21$IEEE1$IW$USESV6$~STKCKD$USESV7$~SHL$OSPACE$EBA8$MICROLIB$REQ8$PRES8$EABIv2 0x00000000   Number         0  anon$$obj.o ABSOLUTE
    __ARM_use_no_argv                        0x00000000   Number         0  main.o ABSOLUTE
    __cpp_initialize__aeabi_                  - Undefined Weak Reference
    __cxa_finalize                            - Undefined Weak Reference
    _clock_init                               - Undefined Weak Reference
    _microlib_exit                            - Undefined Weak Reference
    __Vectors_Size                           0x00000150   Number         0  startup_stm32f10x_cl.o ABSOLUTE
    __Vectors                                0x08000000   Data           4  startup_stm32f10x_cl.o(RESET)
    __Vectors_End                            0x08000150   Data           0  startup_stm32f10x_cl.o(RESET)
    __main                                   0x08000151   Thumb Code     0  entry.o(.ARM.Collect$$$$00000000)
    _main_stk                                0x08000151   Thumb Code     0  entry2.o(.ARM.Collect$$$$00000001)
    _main_scatterload                        0x08000155   Thumb Code     0  entry5.o(.ARM.Collect$$$$00000004)
    __main_after_scatterload                 0x08000159   Thumb Code     0  entry5.o(.ARM.Collect$$$$00000004)
    _main_clock                              0x08000159   Thumb Code     0  entry7b.o(.ARM.Collect$$$$00000008)
    _main_cpp_init                           0x08000159   Thumb Code     0  entry8b.o(.ARM.Collect$$$$0000000A)
    _main_init                               0x08000159   Thumb Code     0  entry9a.o(.ARM.Collect$$$$0000000B)
    __rt_final_cpp                           0x08000161   Thumb Code     0  entry10a.o(.ARM.Collect$$$$0000000D)
    __rt_final_exit                          0x08000161   Thumb Code     0  entry11a.o(.ARM.Collect$$$$0000000F)
    Reset_Handler                            0x08000165   Thumb Code     8  startup_stm32f10x_cl.o(.text)
    ADC1_2_IRQHandler                        0x0800017f   Thumb Code     0  startup_stm32f10x_cl.o(.text)
    CAN1_RX1_IRQHandler                      0x0800017f   Thumb Code     0  startup_stm32f10x_cl.o(.text)
    CAN1_SCE_IRQHandler                      0x0800017f   Thumb Code     0  startup_stm32f10x_cl.o(.text)
    CAN1_TX_IRQHandler                       0x0800017f   Thumb Code     0  startup_stm32f10x_cl.o(.text)
    CAN2_RX1_IRQHandler                      0x0800017f   Thumb Code     0  startup_stm32f10x_cl.o(.text)
    CAN2_SCE_IRQHandler                      0x0800017f   Thumb Code     0  startup_stm32f10x_cl.o(.text)
    CAN2_TX_IRQHandler                       0x0800017f   Thumb Code     0  startup_stm32f10x_cl.o(.text)
    DMA1_Channel1_IRQHandler                 0x0800017f   Thumb Code     0  startup_stm32f10x_cl.o(.text)
    DMA1_Channel2_IRQHandler                 0x0800017f   Thumb Code     0  startup_stm32f10x_cl.o(.text)
    DMA1_Channel3_IRQHandler                 0x0800017f   Thumb Code     0  startup_stm32f10x_cl.o(.text)
    DMA1_Channel4_IRQHandler                 0x0800017f   Thumb Code     0  startup_stm32f10x_cl.o(.text)
    DMA1_Channel5_IRQHandler                 0x0800017f   Thumb Code     0  startup_stm32f10x_cl.o(.text)
    DMA1_Channel6_IRQHandler                 0x0800017f   Thumb Code     0  startup_stm32f10x_cl.o(.text)
    DMA1_Channel7_IRQHandler                 0x0800017f   Thumb Code     0  startup_stm32f10x_cl.o(.text)
    DMA2_Channel1_IRQHandler                 0x0800017f   Thumb Code     0  startup_stm32f10x_cl.o(.text)
    DMA2_Channel2_IRQHandler                 0x0800017f   Thumb Code     0  startup_stm32f10x_cl.o(.text)
    DMA2_Channel3_IRQHandler                 0x0800017f   Thumb Code     0  startup_stm32f10x_cl.o(.text)
    DMA2_Channel4_IRQHandler                 0x0800017f   Thumb Code     0  startup_stm32f10x_cl.o(.text)
    DMA2_Channel5_IRQHandler                 0x0800017f   Thumb Code     0  startup_stm32f10x_cl.o(.text)
    ETH_IRQHandler                           0x0800017f   Thumb Code     0  startup_stm32f10x_cl.o(.text)
    ETH_WKUP_IRQHandler                      0x0800017f   Thumb Code     0  startup_stm32f10x_cl.o(.text)
    EXTI0_IRQHandler                         0x0800017f   Thumb Code     0  startup_stm32f10x_cl.o(.text)
    EXTI15_10_IRQHandler                     0x0800017f   Thumb Code     0  startup_stm32f10x_cl.o(.text)
    EXTI1_IRQHandler                         0x0800017f   Thumb Code     0  startup_stm32f10x_cl.o(.text)
    EXTI2_IRQHandler                         0x0800017f   Thumb Code     0  startup_stm32f10x_cl.o(.text)
    EXTI3_IRQHandler                         0x0800017f   Thumb Code     0  startup_stm32f10x_cl.o(.text)
    EXTI4_IRQHandler                         0x0800017f   Thumb Code     0  startup_stm32f10x_cl.o(.text)
    EXTI9_5_IRQHandler                       0x0800017f   Thumb Code     0  startup_stm32f10x_cl.o(.text)
    FLASH_IRQHandler                         0x0800017f   Thumb Code     0  startup_stm32f10x_cl.o(.text)
    I2C1_ER_IRQHandler                       0x0800017f   Thumb Code     0  startup_stm32f10x_cl.o(.text)
    I2C1_EV_IRQHandler                       0x0800017f   Thumb Code     0  startup_stm32f10x_cl.o(.text)
    I2C2_ER_IRQHandler                       0x0800017f   Thumb Code     0  startup_stm32f10x_cl.o(.text)
    I2C2_EV_IRQHandler                       0x0800017f   Thumb Code     0  startup_stm32f10x_cl.o(.text)
    OTG_FS_IRQHandler                        0x0800017f   Thumb Code     0  startup_stm32f10x_cl.o(.text)
    OTG_FS_WKUP_IRQHandler                   0x0800017f   Thumb Code     0  startup_stm32f10x_cl.o(.text)
    PVD_IRQHandler                           0x0800017f   Thumb Code     0  startup_stm32f10x_cl.o(.text)
    RCC_IRQHandler                           0x0800017f   Thumb Code     0  startup_stm32f10x_cl.o(.text)
    RTCAlarm_IRQHandler                      0x0800017f   Thumb Code     0  startup_stm32f10x_cl.o(.text)
    RTC_IRQHandler                           0x0800017f   Thumb Code     0  startup_stm32f10x_cl.o(.text)
    SPI1_IRQHandler                          0x0800017f   Thumb Code     0  startup_stm32f10x_cl.o(.text)
    SPI2_IRQHandler                          0x0800017f   Thumb Code     0  startup_stm32f10x_cl.o(.text)
    SPI3_IRQHandler                          0x0800017f   Thumb Code     0  startup_stm32f10x_cl.o(.text)
    TAMPER_IRQHandler                        0x0800017f   Thumb Code     0  startup_stm32f10x_cl.o(.text)
    TIM1_BRK_IRQHandler                      0x0800017f   Thumb Code     0  startup_stm32f10x_cl.o(.text)
    TIM1_CC_IRQHandler                       0x0800017f   Thumb Code     0  startup_stm32f10x_cl.o(.text)
    TIM1_TRG_COM_IRQHandler                  0x0800017f   Thumb Code     0  startup_stm32f10x_cl.o(.text)
    TIM1_UP_IRQHandler                       0x0800017f   Thumb Code     0  startup_stm32f10x_cl.o(.text)
    TIM2_IRQHandler                          0x0800017f   Thumb Code     0  startup_stm32f10x_cl.o(.text)
    TIM4_IRQHandler                          0x0800017f   Thumb Code     0  startup_stm32f10x_cl.o(.text)
    TIM6_IRQHandler                          0x0800017f   Thumb Code     0  startup_stm32f10x_cl.o(.text)
    TIM7_IRQHandler                          0x0800017f   Thumb Code     0  startup_stm32f10x_cl.o(.text)
    UART4_IRQHandler                         0x0800017f   Thumb Code     0  startup_stm32f10x_cl.o(.text)
    UART5_IRQHandler                         0x0800017f   Thumb Code     0  startup_stm32f10x_cl.o(.text)
    USART1_IRQHandler                        0x0800017f   Thumb Code     0  startup_stm32f10x_cl.o(.text)
    USART2_IRQHandler                        0x0800017f   Thumb Code     0  startup_stm32f10x_cl.o(.text)
    USART3_IRQHandler                        0x0800017f   Thumb Code     0  startup_stm32f10x_cl.o(.text)
    WWDG_IRQHandler                          0x0800017f   Thumb Code     0  startup_stm32f10x_cl.o(.text)
    CPU_IntDis                               0x08000189   Thumb Code     0  cpu_a.o(.text)
    CPU_IntEn                                0x0800018d   Thumb Code     0  cpu_a.o(.text)
    CPU_SR_Save                              0x08000191   Thumb Code     0  cpu_a.o(.text)
    CPU_SR_Restore                           0x08000199   Thumb Code     0  cpu_a.o(.text)
    CPU_WaitForInt                           0x0800019f   Thumb Code     0  cpu_a.o(.text)
    CPU_WaitForExcept                        0x080001a3   Thumb Code     0  cpu_a.o(.text)
    CPU_CntLeadZeros                         0x080001a7   Thumb Code     0  cpu_a.o(.text)
    CPU_CntTrailZeros                        0x080001ad   Thumb Code     0  cpu_a.o(.text)
    CPU_RevBits                              0x080001b7   Thumb Code     0  cpu_a.o(.text)
    __scatterload                            0x080001bd   Thumb Code    28  init.o(.text)
    __scatterload_rt2                        0x080001bd   Thumb Code     0  init.o(.text)
    __decompress                             0x080001e1   Thumb Code     0  __dczerorl2.o(.text)
    __decompress1                            0x080001e1   Thumb Code    86  __dczerorl2.o(.text)
    OSStartHighRdy                           0x08000239   Thumb Code     0  os_cpu_a.o(CODE)
    PendSV_Handler                           0x0800026f   Thumb Code     0  os_cpu_a.o(CODE)
    ADC_Cmd                                  0x080002d1   Thumb Code    22  stm32f10x_adc.o(i.ADC_Cmd)
    ADC_DMACmd                               0x080002e7   Thumb Code    22  stm32f10x_adc.o(i.ADC_DMACmd)
    ADC_DeInit                               0x080002fd   Thumb Code    78  stm32f10x_adc.o(i.ADC_DeInit)
    ADC_GetCalibrationStatus                 0x08000359   Thumb Code    20  stm32f10x_adc.o(i.ADC_GetCalibrationStatus)
    ADC_GetResetCalibrationStatus            0x0800036d   Thumb Code    20  stm32f10x_adc.o(i.ADC_GetResetCalibrationStatus)
    ADC_Init                                 0x08000381   Thumb Code    70  stm32f10x_adc.o(i.ADC_Init)
    ADC_RegularChannelConfig                 0x080003d1   Thumb Code   184  stm32f10x_adc.o(i.ADC_RegularChannelConfig)
    ADC_ResetCalibration                     0x08000489   Thumb Code    10  stm32f10x_adc.o(i.ADC_ResetCalibration)
    ADC_SoftwareStartConvCmd                 0x08000493   Thumb Code    22  stm32f10x_adc.o(i.ADC_SoftwareStartConvCmd)
    ADC_StartCalibration                     0x080004a9   Thumb Code    10  stm32f10x_adc.o(i.ADC_StartCalibration)
    BSP_CPU_ClkFreq                          0x080004b3   Thumb Code    16  bsp.o(i.BSP_CPU_ClkFreq)
    BusFault_Handler                         0x080004c3   Thumb Code     4  stm32f10x_it.o(i.BusFault_Handler)
    CAN1_RX0_IRQHandler                      0x080004c9   Thumb Code   220  can.o(i.CAN1_RX0_IRQHandler)
    CAN2_RX0_IRQHandler                      0x080005c9   Thumb Code    88  can.o(i.CAN2_RX0_IRQHandler)
    CAN_BLDC_Control                         0x08000629   Thumb Code   176  driver2.o(i.CAN_BLDC_Control)
    CAN_BLDC_RePositionMod                   0x08000701   Thumb Code   170  driver2.o(i.CAN_BLDC_RePositionMod)
    CAN_BLDC_ResetMod                        0x080007b9   Thumb Code   118  driver2.o(i.CAN_BLDC_ResetMod)
    CAN_FilterInit                           0x08000839   Thumb Code   258  stm32f10x_can.o(i.CAN_FilterInit)
    CAN_ITConfig                             0x08000941   Thumb Code    18  stm32f10x_can.o(i.CAN_ITConfig)
    CAN_Init                                 0x08000953   Thumb Code   276  stm32f10x_can.o(i.CAN_Init)
    CAN_Receive                              0x08000a67   Thumb Code   240  stm32f10x_can.o(i.CAN_Receive)
    CAN_Transmit                             0x08000b57   Thumb Code   294  stm32f10x_can.o(i.CAN_Transmit)
    CAN_TransmitStatus                       0x08000c7d   Thumb Code   138  stm32f10x_can.o(i.CAN_TransmitStatus)
    CPU_Init                                 0x08000d1d   Thumb Code    16  cpu_core.o(i.CPU_Init)
    CPU_IntDisMeasMaxCurGet                  0x08000dcd   Thumb Code    40  cpu_core.o(i.CPU_IntDisMeasMaxCurGet)
    CPU_IntDisMeasMaxCurReset                0x08000df9   Thumb Code    40  cpu_core.o(i.CPU_IntDisMeasMaxCurReset)
    CPU_IntDisMeasMaxGet                     0x08000e25   Thumb Code    40  cpu_core.o(i.CPU_IntDisMeasMaxGet)
    CPU_IntDisMeasStart                      0x08000e51   Thumb Code    38  cpu_core.o(i.CPU_IntDisMeasStart)
    CPU_IntDisMeasStop                       0x08000e85   Thumb Code    62  cpu_core.o(i.CPU_IntDisMeasStop)
    CPU_NameClr                              0x08000ed9   Thumb Code    50  cpu_core.o(i.CPU_NameClr)
    CPU_TS_TmrFreqSet                        0x08000f2d   Thumb Code     6  cpu_core.o(i.CPU_TS_TmrFreqSet)
    CPU_TS_TmrInit                           0x08000f39   Thumb Code    44  bsp.o(i.CPU_TS_TmrInit)
    CPU_TS_TmrRd                             0x08000f6d   Thumb Code     6  bsp.o(i.CPU_TS_TmrRd)
    DMA_Cmd                                  0x08000f79   Thumb Code    24  stm32f10x_dma.o(i.DMA_Cmd)
    DMA_DeInit                               0x08000f91   Thumb Code   324  stm32f10x_dma.o(i.DMA_DeInit)
    DMA_Init                                 0x080010dd   Thumb Code    60  stm32f10x_dma.o(i.DMA_Init)
    DebugMon_Handler                         0x08001119   Thumb Code     2  stm32f10x_it.o(i.DebugMon_Handler)
    GPIO_Init                                0x0800111b   Thumb Code   278  stm32f10x_gpio.o(i.GPIO_Init)
    GPIO_PinRemapConfig                      0x08001231   Thumb Code   138  stm32f10x_gpio.o(i.GPIO_PinRemapConfig)
    HardFault_Handler                        0x080012c1   Thumb Code     4  stm32f10x_it.o(i.HardFault_Handler)
    LED_Init                                 0x080012c5   Thumb Code    40  led.o(i.LED_Init)
    MemManage_Handler                        0x080012f1   Thumb Code     4  stm32f10x_it.o(i.MemManage_Handler)
    Mem_Clr                                  0x080012f5   Thumb Code    18  lib_mem.o(i.Mem_Clr)
    Mem_Set                                  0x08001307   Thumb Code    98  lib_mem.o(i.Mem_Set)
    NMI_Handler                              0x08001369   Thumb Code     2  stm32f10x_it.o(i.NMI_Handler)
    NVIC_Init                                0x0800136d   Thumb Code   100  misc.o(i.NVIC_Init)
    NVIC_PriorityGroupConfig                 0x080013dd   Thumb Code    10  misc.o(i.NVIC_PriorityGroupConfig)
    OSCfg_Init                               0x080013f1   Thumb Code     2  os_cfg_app.o(i.OSCfg_Init)
    OSIdleTaskHook                           0x080013f5   Thumb Code    16  os_cpu_c.o(i.OSIdleTaskHook)
    OSInit                                   0x08001409   Thumb Code   300  os_core.o(i.OSInit)
    OSInitHook                               0x08001595   Thumb Code    42  os_cpu_c.o(i.OSInitHook)
    OSIntEnter                               0x080015cd   Thumb Code    34  os_core.o(i.OSIntEnter)
    OSIntExit                                0x080015f9   Thumb Code   192  os_core.o(i.OSIntExit)
    OSSched                                  0x080016dd   Thumb Code   134  os_core.o(i.OSSched)
    OSSchedLock                              0x08001785   Thumb Code   112  os_core.o(i.OSSchedLock)
    OSSchedRoundRobinCfg                     0x08001801   Thumb Code    96  os_core.o(i.OSSchedRoundRobinCfg)
    OSSchedUnlock                            0x0800186d   Thumb Code   148  os_core.o(i.OSSchedUnlock)
    OSSemCreate                              0x0800190d   Thumb Code   210  os_sem.o(i.OSSemCreate)
    OSSemPend                                0x080019f1   Thumb Code   524  os_sem.o(i.OSSemPend)
    OSStart                                  0x08001c0d   Thumb Code    78  os_core.o(i.OSStart)
    OSStatReset                              0x08001c75   Thumb Code   316  os_stat.o(i.OSStatReset)
    OSStatTaskCPUUsageInit                   0x08001ddd   Thumb Code   228  os_stat.o(i.OSStatTaskCPUUsageInit)
    OSStatTaskHook                           0x08001edd   Thumb Code    16  os_cpu_c.o(i.OSStatTaskHook)
    OSTaskCreate                             0x08001ef1   Thumb Code   624  os_task.o(i.OSTaskCreate)
    OSTaskCreateHook                         0x08002185   Thumb Code    20  os_cpu_c.o(i.OSTaskCreateHook)
    OSTaskDel                                0x0800219d   Thumb Code   490  os_task.o(i.OSTaskDel)
    OSTaskDelHook                            0x080023a5   Thumb Code    20  os_cpu_c.o(i.OSTaskDelHook)
    OSTaskResume                             0x080023bd   Thumb Code   124  os_task.o(i.OSTaskResume)
    OSTaskReturnHook                         0x08002445   Thumb Code    20  os_cpu_c.o(i.OSTaskReturnHook)
    OSTaskSemPend                            0x0800245d   Thumb Code   578  os_task.o(i.OSTaskSemPend)
    OSTaskStkChk                             0x080026ad   Thumb Code   220  os_task.o(i.OSTaskStkChk)
    OSTaskStkInit                            0x08002791   Thumb Code   188  os_cpu_c.o(i.OSTaskStkInit)
    OSTaskSuspend                            0x08002851   Thumb Code    78  os_task.o(i.OSTaskSuspend)
    OSTaskSwHook                             0x080028b1   Thumb Code   146  os_cpu_c.o(i.OSTaskSwHook)
    OSTimeDly                                0x08002955   Thumb Code   322  os_time.o(i.OSTimeDly)
    OSTimeDlyHMSM                            0x08002aa5   Thumb Code   538  os_time.o(i.OSTimeDlyHMSM)
    OSTimeTick                               0x08002cd1   Thumb Code    54  os_time.o(i.OSTimeTick)
    OSTimeTickHook                           0x08002d15   Thumb Code    16  os_cpu_c.o(i.OSTimeTickHook)
    OS_Dbg_Init                              0x08002d29   Thumb Code   150  os_dbg.o(i.OS_Dbg_Init)
    OS_FlagInit                              0x08002edd   Thumb Code    14  os_flag.o(i.OS_FlagInit)
    OS_FlagPost                              0x08002ef5   Thumb Code   626  os_flag.o(i.OS_FlagPost)
    OS_FlagTaskRdy                           0x08003171   Thumb Code    86  os_flag.o(i.OS_FlagTaskRdy)
    OS_IdleTask                              0x080031c9   Thumb Code    68  os_core.o(i.OS_IdleTask)
    OS_IdleTaskInit                          0x08003215   Thumb Code    66  os_core.o(i.OS_IdleTaskInit)
    OS_IntQPost                              0x08003285   Thumb Code   224  os_int.o(i.OS_IntQPost)
    OS_IntQRePost                            0x08003389   Thumb Code   360  os_int.o(i.OS_IntQRePost)
    OS_IntQTask                              0x0800352d   Thumb Code   182  os_int.o(i.OS_IntQTask)
    OS_IntQTaskInit                          0x080035f5   Thumb Code   206  os_int.o(i.OS_IntQTaskInit)
    OS_MemInit                               0x0800371d   Thumb Code    14  os_mem.o(i.OS_MemInit)
    OS_MsgPoolInit                           0x08003735   Thumb Code   110  os_msg.o(i.OS_MsgPoolInit)
    OS_MsgQFreeAll                           0x080037b1   Thumb Code    62  os_msg.o(i.OS_MsgQFreeAll)
    OS_MsgQInit                              0x080037f5   Thumb Code    14  os_msg.o(i.OS_MsgQInit)
    OS_MsgQPut                               0x08003805   Thumb Code   254  os_msg.o(i.OS_MsgQPut)
    OS_MutexInit                             0x08003909   Thumb Code    14  os_mutex.o(i.OS_MutexInit)
    OS_Pend                                  0x08003921   Thumb Code    98  os_core.o(i.OS_Pend)
    OS_PendDataInit                          0x08003989   Thumb Code    38  os_core.o(i.OS_PendDataInit)
    OS_PendDbgNameAdd                        0x080039b1   Thumb Code    66  os_core.o(i.OS_PendDbgNameAdd)
    OS_PendDbgNameRemove                     0x08003a0d   Thumb Code    30  os_core.o(i.OS_PendDbgNameRemove)
    OS_PendListInit                          0x08003a31   Thumb Code    10  os_core.o(i.OS_PendListInit)
    OS_PendListInsertPrio                    0x08003a3b   Thumb Code   102  os_core.o(i.OS_PendListInsertPrio)
    OS_PendListRemove                        0x08003aa1   Thumb Code    48  os_core.o(i.OS_PendListRemove)
    OS_PendListRemove1                       0x08003ad1   Thumb Code    66  os_core.o(i.OS_PendListRemove1)
    OS_Post                                  0x08003b13   Thumb Code   192  os_core.o(i.OS_Post)
    OS_Post1                                 0x08003bd3   Thumb Code    42  os_core.o(i.OS_Post1)
    OS_PrioGetHighest                        0x08003bfd   Thumb Code    36  os_prio.o(i.OS_PrioGetHighest)
    OS_PrioInit                              0x08003c25   Thumb Code    20  os_prio.o(i.OS_PrioInit)
    OS_PrioInsert                            0x08003c3d   Thumb Code    32  os_prio.o(i.OS_PrioInsert)
    OS_PrioRemove                            0x08003c61   Thumb Code    32  os_prio.o(i.OS_PrioRemove)
    OS_QInit                                 0x08003c85   Thumb Code    14  os_q.o(i.OS_QInit)
    OS_QPost                                 0x08003c9d   Thumb Code   382  os_q.o(i.OS_QPost)
    OS_RdyListInit                           0x08003e25   Thumb Code    32  os_core.o(i.OS_RdyListInit)
    OS_RdyListInsert                         0x08003e49   Thumb Code    40  os_core.o(i.OS_RdyListInsert)
    OS_RdyListInsertHead                     0x08003e75   Thumb Code    58  os_core.o(i.OS_RdyListInsertHead)
    OS_RdyListInsertTail                     0x08003eb5   Thumb Code    56  os_core.o(i.OS_RdyListInsertTail)
    OS_RdyListMoveHeadToTail                 0x08003ef1   Thumb Code    68  os_core.o(i.OS_RdyListMoveHeadToTail)
    OS_RdyListRemove                         0x08003f35   Thumb Code    86  os_core.o(i.OS_RdyListRemove)
    OS_Sched0                                0x08003f91   Thumb Code    72  os_core.o(i.OS_Sched0)
    OS_SchedLockTimeMeasStart                0x08003fed   Thumb Code    20  os_core.o(i.OS_SchedLockTimeMeasStart)
    OS_SchedLockTimeMeasStop                 0x08004009   Thumb Code    44  os_core.o(i.OS_SchedLockTimeMeasStop)
    OS_SchedRoundRobin                       0x08004045   Thumb Code   218  os_core.o(i.OS_SchedRoundRobin)
    OS_SemDbgListAdd                         0x08004131   Thumb Code    38  os_sem.o(i.OS_SemDbgListAdd)
    OS_SemInit                               0x08004161   Thumb Code    14  os_sem.o(i.OS_SemInit)
    OS_SemPost                               0x08004179   Thumb Code   404  os_sem.o(i.OS_SemPost)
    OS_StatTask                              0x08004311   Thumb Code   878  os_stat.o(i.OS_StatTask)
    OS_StatTaskInit                          0x080046c9   Thumb Code   136  os_stat.o(i.OS_StatTaskInit)
    OS_TaskBlock                             0x08004795   Thumb Code    56  os_core.o(i.OS_TaskBlock)
    OS_TaskDbgListAdd                        0x080047cd   Thumb Code    42  os_task.o(i.OS_TaskDbgListAdd)
    OS_TaskDbgListRemove                     0x080047fd   Thumb Code    64  os_task.o(i.OS_TaskDbgListRemove)
    OS_TaskInit                              0x08004841   Thumb Code    18  os_task.o(i.OS_TaskInit)
    OS_TaskInitTCB                           0x08004861   Thumb Code   194  os_task.o(i.OS_TaskInitTCB)
    OS_TaskQPost                             0x08004931   Thumb Code   606  os_task.o(i.OS_TaskQPost)
    OS_TaskRdy                               0x08004b9d   Thumb Code    28  os_core.o(i.OS_TaskRdy)
    OS_TaskResume                            0x08004bb9   Thumb Code   374  os_task.o(i.OS_TaskResume)
    OS_TaskReturn                            0x08004d35   Thumb Code    20  os_task.o(i.OS_TaskReturn)
    OS_TaskSemPost                           0x08004d4d   Thumb Code  1438  os_task.o(i.OS_TaskSemPost)
    OS_TaskSuspend                           0x080052f5   Thumb Code   392  os_task.o(i.OS_TaskSuspend)
    OS_TickListInit                          0x08005485   Thumb Code    32  os_tick.o(i.OS_TickListInit)
    OS_TickListInsert                        0x080054ad   Thumb Code   430  os_tick.o(i.OS_TickListInsert)
    OS_TickListRemove                        0x08005669   Thumb Code    56  os_tick.o(i.OS_TickListRemove)
    OS_TickListResetPeak                     0x080056a1   Thumb Code    28  os_tick.o(i.OS_TickListResetPeak)
    OS_TickListUpdate                        0x080056c5   Thumb Code   520  os_tick.o(i.OS_TickListUpdate)
    OS_TickTask                              0x080058e5   Thumb Code    38  os_tick.o(i.OS_TickTask)
    OS_TickTaskInit                          0x08005911   Thumb Code   128  os_tick.o(i.OS_TickTaskInit)
    OS_TmrInit                               0x080059c9   Thumb Code   206  os_tmr.o(i.OS_TmrInit)
    OS_TmrLink                               0x08005af1   Thumb Code   196  os_tmr.o(i.OS_TmrLink)
    OS_TmrResetPeak                          0x08005bc1   Thumb Code    28  os_tmr.o(i.OS_TmrResetPeak)
    OS_TmrTask                               0x08005be5   Thumb Code   176  os_tmr.o(i.OS_TmrTask)
    OS_TmrUnlink                             0x08005ca5   Thumb Code    72  os_tmr.o(i.OS_TmrUnlink)
    RCC_ADCCLKConfig                         0x08005cf5   Thumb Code    18  stm32f10x_rcc.o(i.RCC_ADCCLKConfig)
    RCC_AHBPeriphClockCmd                    0x08005d0d   Thumb Code    26  stm32f10x_rcc.o(i.RCC_AHBPeriphClockCmd)
    RCC_APB1PeriphClockCmd                   0x08005d2d   Thumb Code    26  stm32f10x_rcc.o(i.RCC_APB1PeriphClockCmd)
    RCC_APB2PeriphClockCmd                   0x08005d4d   Thumb Code    26  stm32f10x_rcc.o(i.RCC_APB2PeriphClockCmd)
    RCC_APB2PeriphResetCmd                   0x08005d6d   Thumb Code    26  stm32f10x_rcc.o(i.RCC_APB2PeriphResetCmd)
    RCC_GetClocksFreq                        0x08005d8d   Thumb Code   374  stm32f10x_rcc.o(i.RCC_GetClocksFreq)
    SVC_Handler                              0x08005f1d   Thumb Code     2  stm32f10x_it.o(i.SVC_Handler)
    SysTick_CLKSourceConfig                  0x08006041   Thumb Code    40  misc.o(i.SysTick_CLKSourceConfig)
    SysTick_Handler                          0x08006069   Thumb Code    24  delay.o(i.SysTick_Handler)
    SystemInit                               0x08006085   Thumb Code    92  system_stm32f10x.o(i.SystemInit)
    TIM1_PWM_Init                            0x080060f1   Thumb Code   132  pwm.o(i.TIM1_PWM_Init)
    TIM3_IRQHandler                          0x0800617d   Thumb Code    22  pwm.o(i.TIM3_IRQHandler)
    TIM3_PWM_Init                            0x08006199   Thumb Code   180  pwm.o(i.TIM3_PWM_Init)
    TIM5_IRQHandler                          0x08006259   Thumb Code    32  timer.o(i.TIM5_IRQHandler)
    TIM5_Int_Init                            0x08006281   Thumb Code    90  timer.o(i.TIM5_Int_Init)
    TIM_ClearITPendingBit                    0x080062e1   Thumb Code     6  stm32f10x_tim.o(i.TIM_ClearITPendingBit)
    TIM_Cmd                                  0x080062e7   Thumb Code    24  stm32f10x_tim.o(i.TIM_Cmd)
    TIM_CtrlPWMOutputs                       0x080062ff   Thumb Code    30  stm32f10x_tim.o(i.TIM_CtrlPWMOutputs)
    TIM_GetITStatus                          0x0800631d   Thumb Code    34  stm32f10x_tim.o(i.TIM_GetITStatus)
    TIM_ITConfig                             0x0800633f   Thumb Code    18  stm32f10x_tim.o(i.TIM_ITConfig)
    TIM_OC1Init                              0x08006351   Thumb Code   132  stm32f10x_tim.o(i.TIM_OC1Init)
    TIM_OC1PreloadConfig                     0x080063e9   Thumb Code    18  stm32f10x_tim.o(i.TIM_OC1PreloadConfig)
    TIM_OC2Init                              0x080063fd   Thumb Code   154  stm32f10x_tim.o(i.TIM_OC2Init)
    TIM_OC2PreloadConfig                     0x080064a1   Thumb Code    26  stm32f10x_tim.o(i.TIM_OC2PreloadConfig)
    TIM_OC3Init                              0x080064bd   Thumb Code   150  stm32f10x_tim.o(i.TIM_OC3Init)
    TIM_OC3PreloadConfig                     0x0800655d   Thumb Code    18  stm32f10x_tim.o(i.TIM_OC3PreloadConfig)
    TIM_OC4Init                              0x08006571   Thumb Code   114  stm32f10x_tim.o(i.TIM_OC4Init)
    TIM_OC4PreloadConfig                     0x080065ed   Thumb Code    26  stm32f10x_tim.o(i.TIM_OC4PreloadConfig)
    TIM_SetCompare1                          0x08006607   Thumb Code     4  stm32f10x_tim.o(i.TIM_SetCompare1)
    TIM_SetCompare2                          0x0800660b   Thumb Code     4  stm32f10x_tim.o(i.TIM_SetCompare2)
    TIM_SetCompare3                          0x0800660f   Thumb Code     4  stm32f10x_tim.o(i.TIM_SetCompare3)
    TIM_SetCompare4                          0x08006613   Thumb Code     6  stm32f10x_tim.o(i.TIM_SetCompare4)
    TIM_TimeBaseInit                         0x08006619   Thumb Code   122  stm32f10x_tim.o(i.TIM_TimeBaseInit)
    UsageFault_Handler                       0x080066bd   Thumb Code     4  stm32f10x_it.o(i.UsageFault_Handler)
    __scatterload_copy                       0x080066c1   Thumb Code    14  handlers.o(i.__scatterload_copy)
    __scatterload_null                       0x080066cf   Thumb Code     2  handlers.o(i.__scatterload_null)
    __scatterload_zeroinit                   0x080066d1   Thumb Code    14  handlers.o(i.__scatterload_zeroinit)
    can1Init                                 0x080066e1   Thumb Code   296  can.o(i.can1Init)
    can1SendMsg                              0x08006811   Thumb Code   116  can.o(i.can1SendMsg)
    can1_task                                0x08006889   Thumb Code   128  can.o(i.can1_task)
    can2Init                                 0x08006911   Thumb Code   242  can.o(i.can2Init)
    can2_task                                0x08006a0d   Thumb Code    80  can.o(i.can2_task)
    delay_init                               0x08006a71   Thumb Code    92  delay.o(i.delay_init)
    delay_ms                                 0x08006ae1   Thumb Code    66  delay.o(i.delay_ms)
    delay_osschedlock                        0x08006b31   Thumb Code    10  delay.o(i.delay_osschedlock)
    delay_osschedunlock                      0x08006b3b   Thumb Code    10  delay.o(i.delay_osschedunlock)
    delay_ostimedly                          0x08006b45   Thumb Code    16  delay.o(i.delay_ostimedly)
    delay_us                                 0x08006b55   Thumb Code    86  delay.o(i.delay_us)
    get_CAN_BLDC_MOTOR_STATE                 0x08006bb1   Thumb Code    46  driver2.o(i.get_CAN_BLDC_MOTOR_STATE)
    led_task                                 0x08006bf1   Thumb Code    42  led.o(i.led_task)
    main                                     0x08006c21   Thumb Code   398  main.o(i.main)
    sampleInit                               0x08006de1   Thumb Code   378  adc.o(i.sampleInit)
    sample_task                              0x08006f71   Thumb Code   128  adc.o(i.sample_task)
    set_CAN_BLDC_MOTOR_STATE                 0x08006ffd   Thumb Code    46  driver2.o(i.set_CAN_BLDC_MOTOR_STATE)
    start_task                               0x0800703d   Thumb Code   464  main.o(i.start_task)
    steer_task                               0x080072ad   Thumb Code   132  pwm.o(i.steer_task)
    OSCfg_IdleTaskStkBasePtr                 0x0800733c   Data           4  os_cfg_app.o(.constdata)
    OSCfg_IdleTaskStkLimit                   0x08007340   Data           4  os_cfg_app.o(.constdata)
    OSCfg_IdleTaskStkSize                    0x08007344   Data           4  os_cfg_app.o(.constdata)
    OSCfg_IdleTaskStkSizeRAM                 0x08007348   Data           4  os_cfg_app.o(.constdata)
    OSCfg_IntQBasePtr                        0x0800734c   Data           4  os_cfg_app.o(.constdata)
    OSCfg_IntQSize                           0x08007350   Data           2  os_cfg_app.o(.constdata)
    OSCfg_IntQSizeRAM                        0x08007354   Data           4  os_cfg_app.o(.constdata)
    OSCfg_IntQTaskStkBasePtr                 0x08007358   Data           4  os_cfg_app.o(.constdata)
    OSCfg_IntQTaskStkLimit                   0x0800735c   Data           4  os_cfg_app.o(.constdata)
    OSCfg_IntQTaskStkSize                    0x08007360   Data           4  os_cfg_app.o(.constdata)
    OSCfg_IntQTaskStkSizeRAM                 0x08007364   Data           4  os_cfg_app.o(.constdata)
    OSCfg_ISRStkBasePtr                      0x08007368   Data           4  os_cfg_app.o(.constdata)
    OSCfg_ISRStkSize                         0x0800736c   Data           4  os_cfg_app.o(.constdata)
    OSCfg_ISRStkSizeRAM                      0x08007370   Data           4  os_cfg_app.o(.constdata)
    OSCfg_MsgPoolSize                        0x08007374   Data           2  os_cfg_app.o(.constdata)
    OSCfg_MsgPoolSizeRAM                     0x08007378   Data           4  os_cfg_app.o(.constdata)
    OSCfg_MsgPoolBasePtr                     0x0800737c   Data           4  os_cfg_app.o(.constdata)
    OSCfg_StatTaskPrio                       0x08007380   Data           1  os_cfg_app.o(.constdata)
    OSCfg_StatTaskRate_Hz                    0x08007384   Data           4  os_cfg_app.o(.constdata)
    OSCfg_StatTaskStkBasePtr                 0x08007388   Data           4  os_cfg_app.o(.constdata)
    OSCfg_StatTaskStkLimit                   0x0800738c   Data           4  os_cfg_app.o(.constdata)
    OSCfg_StatTaskStkSize                    0x08007390   Data           4  os_cfg_app.o(.constdata)
    OSCfg_StatTaskStkSizeRAM                 0x08007394   Data           4  os_cfg_app.o(.constdata)
    OSCfg_StkSizeMin                         0x08007398   Data           4  os_cfg_app.o(.constdata)
    OSCfg_TickRate_Hz                        0x0800739c   Data           4  os_cfg_app.o(.constdata)
    OSCfg_TickTaskPrio                       0x080073a0   Data           1  os_cfg_app.o(.constdata)
    OSCfg_TickTaskStkBasePtr                 0x080073a4   Data           4  os_cfg_app.o(.constdata)
    OSCfg_TickTaskStkLimit                   0x080073a8   Data           4  os_cfg_app.o(.constdata)
    OSCfg_TickTaskStkSize                    0x080073ac   Data           4  os_cfg_app.o(.constdata)
    OSCfg_TickTaskStkSizeRAM                 0x080073b0   Data           4  os_cfg_app.o(.constdata)
    OSCfg_TickWheelSize                      0x080073b4   Data           2  os_cfg_app.o(.constdata)
    OSCfg_TickWheelSizeRAM                   0x080073b8   Data           4  os_cfg_app.o(.constdata)
    OSCfg_TmrTaskPrio                        0x080073bc   Data           1  os_cfg_app.o(.constdata)
    OSCfg_TmrTaskRate_Hz                     0x080073c0   Data           4  os_cfg_app.o(.constdata)
    OSCfg_TmrTaskStkBasePtr                  0x080073c4   Data           4  os_cfg_app.o(.constdata)
    OSCfg_TmrTaskStkLimit                    0x080073c8   Data           4  os_cfg_app.o(.constdata)
    OSCfg_TmrTaskStkSize                     0x080073cc   Data           4  os_cfg_app.o(.constdata)
    OSCfg_TmrTaskStkSizeRAM                  0x080073d0   Data           4  os_cfg_app.o(.constdata)
    OSCfg_TmrWheelSize                       0x080073d4   Data           2  os_cfg_app.o(.constdata)
    OSCfg_TmrWheelSizeRAM                    0x080073d8   Data           4  os_cfg_app.o(.constdata)
    OSCfg_DataSizeRAM                        0x080073dc   Data           4  os_cfg_app.o(.constdata)
    OSDbg_DbgEn                              0x080073e0   Data           1  os_dbg.o(.constdata)
    OSDbg_ArgChkEn                           0x080073e1   Data           1  os_dbg.o(.constdata)
    OSDbg_AppHooksEn                         0x080073e2   Data           1  os_dbg.o(.constdata)
    OSDbg_EndiannessTest                     0x080073e4   Data           4  os_dbg.o(.constdata)
    OSDbg_CalledFromISRChkEn                 0x080073e8   Data           1  os_dbg.o(.constdata)
    OSDbg_FlagEn                             0x080073e9   Data           1  os_dbg.o(.constdata)
    OSDbg_FlagGrp                            0x080073ec   Data          40  os_dbg.o(.constdata)
    OSDbg_FlagDelEn                          0x08007414   Data           1  os_dbg.o(.constdata)
    OSDbg_FlagModeClrEn                      0x08007415   Data           1  os_dbg.o(.constdata)
    OSDbg_FlagPendAbortEn                    0x08007416   Data           1  os_dbg.o(.constdata)
    OSDbg_FlagGrpSize                        0x08007418   Data           2  os_dbg.o(.constdata)
    OSDbg_FlagWidth                          0x0800741a   Data           2  os_dbg.o(.constdata)
    OSDbg_IntQ                               0x0800741c   Data           2  os_dbg.o(.constdata)
    OSDbg_ISRPostDeferredEn                  0x0800741e   Data           1  os_dbg.o(.constdata)
    OSDbg_Mem                                0x08007420   Data          32  os_dbg.o(.constdata)
    OSDbg_MemEn                              0x08007440   Data           1  os_dbg.o(.constdata)
    OSDbg_MemSize                            0x08007442   Data           2  os_dbg.o(.constdata)
    OSDbg_MsgEn                              0x08007444   Data           1  os_dbg.o(.constdata)
    OSDbg_MsgSize                            0x08007446   Data           2  os_dbg.o(.constdata)
    OSDbg_MsgPoolSize                        0x08007448   Data           2  os_dbg.o(.constdata)
    OSDbg_MsgQSize                           0x0800744a   Data           2  os_dbg.o(.constdata)
    OSDbg_Mutex                              0x0800744c   Data          44  os_dbg.o(.constdata)
    OSDbg_MutexEn                            0x08007478   Data           1  os_dbg.o(.constdata)
    OSDbg_MutexDelEn                         0x08007479   Data           1  os_dbg.o(.constdata)
    OSDbg_MutexPendAbortEn                   0x0800747a   Data           1  os_dbg.o(.constdata)
    OSDbg_MutexSize                          0x0800747c   Data           2  os_dbg.o(.constdata)
    OSDbg_ObjTypeChkEn                       0x0800747e   Data           1  os_dbg.o(.constdata)
    OSDbg_PendMultiEn                        0x0800747f   Data           1  os_dbg.o(.constdata)
    OSDbg_PendDataSize                       0x08007480   Data           2  os_dbg.o(.constdata)
    OSDbg_PendListSize                       0x08007482   Data           2  os_dbg.o(.constdata)
    OSDbg_PendObjSize                        0x08007484   Data           2  os_dbg.o(.constdata)
    OSDbg_PrioMax                            0x08007486   Data           2  os_dbg.o(.constdata)
    OSDbg_PrioTblSize                        0x08007488   Data           2  os_dbg.o(.constdata)
    OSDbg_PtrSize                            0x0800748a   Data           2  os_dbg.o(.constdata)
    OSDbg_Q                                  0x0800748c   Data          48  os_dbg.o(.constdata)
    OSDbg_QEn                                0x080074bc   Data           1  os_dbg.o(.constdata)
    OSDbg_QDelEn                             0x080074bd   Data           1  os_dbg.o(.constdata)
    OSDbg_QFlushEn                           0x080074be   Data           1  os_dbg.o(.constdata)
    OSDbg_QPendAbortEn                       0x080074bf   Data           1  os_dbg.o(.constdata)
    OSDbg_QSize                              0x080074c0   Data           2  os_dbg.o(.constdata)
    OSDbg_SchedRoundRobinEn                  0x080074c2   Data           1  os_dbg.o(.constdata)
    OSDbg_Sem                                0x080074c4   Data          40  os_dbg.o(.constdata)
    OSDbg_SemEn                              0x080074ec   Data           1  os_dbg.o(.constdata)
    OSDbg_SemDelEn                           0x080074ed   Data           1  os_dbg.o(.constdata)
    OSDbg_SemPendAbortEn                     0x080074ee   Data           1  os_dbg.o(.constdata)
    OSDbg_SemSetEn                           0x080074ef   Data           1  os_dbg.o(.constdata)
    OSDbg_SemSize                            0x080074f0   Data           2  os_dbg.o(.constdata)
    OSDbg_RdyList                            0x080074f2   Data           2  os_dbg.o(.constdata)
    OSDbg_RdyListSize                        0x080074f4   Data           4  os_dbg.o(.constdata)
    OSDbg_StkWidth                           0x080074f8   Data           1  os_dbg.o(.constdata)
    OSDbg_StatTaskEn                         0x080074f9   Data           1  os_dbg.o(.constdata)
    OSDbg_StatTaskStkChkEn                   0x080074fa   Data           1  os_dbg.o(.constdata)
    OSDbg_TaskChangePrioEn                   0x080074fb   Data           1  os_dbg.o(.constdata)
    OSDbg_TaskDelEn                          0x080074fc   Data           1  os_dbg.o(.constdata)
    OSDbg_TaskQEn                            0x080074fd   Data           1  os_dbg.o(.constdata)
    OSDbg_TaskQPendAbortEn                   0x080074fe   Data           1  os_dbg.o(.constdata)
    OSDbg_TaskProfileEn                      0x080074ff   Data           1  os_dbg.o(.constdata)
    OSDbg_TaskRegTblSize                     0x08007500   Data           2  os_dbg.o(.constdata)
    OSDbg_TaskSemPendAbortEn                 0x08007502   Data           1  os_dbg.o(.constdata)
    OSDbg_TaskSuspendEn                      0x08007503   Data           1  os_dbg.o(.constdata)
    OSDbg_TCBSize                            0x08007504   Data           2  os_dbg.o(.constdata)
    OSDbg_TickSpokeSize                      0x08007506   Data           2  os_dbg.o(.constdata)
    OSDbg_TimeDlyHMSMEn                      0x08007508   Data           1  os_dbg.o(.constdata)
    OSDbg_TimeDlyResumeEn                    0x08007509   Data           1  os_dbg.o(.constdata)
    OSDbg_TLS_TblSize                        0x0800750a   Data           2  os_dbg.o(.constdata)
    OSDbg_Tmr                                0x0800750c   Data          52  os_dbg.o(.constdata)
    OSDbg_TmrEn                              0x08007540   Data           1  os_dbg.o(.constdata)
    OSDbg_TmrDelEn                           0x08007541   Data           1  os_dbg.o(.constdata)
    OSDbg_TmrSize                            0x08007542   Data           2  os_dbg.o(.constdata)
    OSDbg_TmrSpokeSize                       0x08007544   Data           2  os_dbg.o(.constdata)
    OSDbg_VersionNbr                         0x08007546   Data           2  os_dbg.o(.constdata)
    OSDbg_DataSize                           0x08007548   Data           4  os_dbg.o(.constdata)
    Region$$Table$$Base                      0x0800754c   Number         0  anon$$obj.o(Region$$Table)
    Region$$Table$$Limit                     0x0800756c   Number         0  anon$$obj.o(Region$$Table)
    dataSize                                 0x20000004   Data           4  main.o(.data)
    nodeStatus                               0x20000008   Data           1  main.o(.data)
    arr1                                     0x2000000a   Data           2  main.o(.data)
    arr2                                     0x2000000c   Data           2  main.o(.data)
    psc1                                     0x2000000e   Data           2  main.o(.data)
    psc2                                     0x20000010   Data           2  main.o(.data)
    SystemCoreClock                          0x20000014   Data           4  system_stm32f10x.o(.data)
    AHBPrescTable                            0x20000018   Data          16  system_stm32f10x.o(.data)
    can1TxMsg                                0x20000040   Data           8  can.o(.data)
    can1Id                                   0x20000048   Data           4  can.o(.data)
    Flag_MotorChange                         0x2000004c   Data           4  can.o(.data)
    MAX_PWM                                  0x20000050   Data           2  can.o(.data)
    LEFT_VELOCITY                            0x20000052   Data           2  can.o(.data)
    RIGHT_VELOCITY                           0x20000054   Data           2  can.o(.data)
    Gravity_Center                           0x20000056   Data           2  can.o(.data)
    LEFT_Knee                                0x20000058   Data           8  can.o(.data)
    LEFT_Hip                                 0x20000060   Data           8  can.o(.data)
    RIGHT_Hip                                0x20000068   Data           8  can.o(.data)
    RIGHT_Knee                               0x20000070   Data           8  can.o(.data)
    feedback                                 0x20000078   Data           8  can.o(.data)
    getMotorSpeed                            0x20000080   Data           8  can.o(.data)
    getMotorPosition                         0x20000088   Data           8  can.o(.data)
    count_ms                                 0x20000090   Data           4  timer.o(.data)
    CAN_Time_Out2                            0x20000098   Data           4  driver2.o(.data)
    can_tx_success_flag2                     0x2000009c   Data           1  driver2.o(.data)
    return_state                             0x2000009d   Data           1  driver2.o(.data)
    CPU_TS_TmrFreq_Hz                        0x200000a4   Data           4  cpu_core.o(.data)
    CPU_IntDisMeasCtr                        0x200000a8   Data           2  cpu_core.o(.data)
    CPU_IntDisNestCtr                        0x200000aa   Data           2  cpu_core.o(.data)
    CPU_IntDisMeasStart_cnts                 0x200000ac   Data           4  cpu_core.o(.data)
    CPU_IntDisMeasStop_cnts                  0x200000b0   Data           4  cpu_core.o(.data)
    CPU_IntDisMeasOvrhd_cnts                 0x200000b4   Data           4  cpu_core.o(.data)
    CPU_IntDisMeasMaxCur_cnts                0x200000b8   Data           4  cpu_core.o(.data)
    CPU_IntDisMeasMax_cnts                   0x200000bc   Data           4  cpu_core.o(.data)
    OSPrioTbl                                0x200000c0   Data           4  os_prio.o(.data)
    OS_AppTaskCreateHookPtr                  0x200000c4   Data           4  os_var.o(.data)
    OS_AppTaskDelHookPtr                     0x200000c8   Data           4  os_var.o(.data)
    OS_AppTaskReturnHookPtr                  0x200000cc   Data           4  os_var.o(.data)
    OS_AppIdleTaskHookPtr                    0x200000d0   Data           4  os_var.o(.data)
    OS_AppStatTaskHookPtr                    0x200000d4   Data           4  os_var.o(.data)
    OS_AppTaskSwHookPtr                      0x200000d8   Data           4  os_var.o(.data)
    OS_AppTimeTickHookPtr                    0x200000dc   Data           4  os_var.o(.data)
    OSIdleTaskCtr                            0x200000e0   Data           4  os_var.o(.data)
    OSIntNestingCtr                          0x200000e4   Data           1  os_var.o(.data)
    OSIntDisTimeMax                          0x200000e8   Data           4  os_var.o(.data)
    OSRunning                                0x200000ec   Data           1  os_var.o(.data)
    OSIntQInPtr                              0x200000f0   Data           4  os_var.o(.data)
    OSIntQOutPtr                             0x200000f4   Data           4  os_var.o(.data)
    OSIntQNbrEntries                         0x200000f8   Data           2  os_var.o(.data)
    OSIntQNbrEntriesMax                      0x200000fa   Data           2  os_var.o(.data)
    OSIntQOvfCtr                             0x200000fc   Data           2  os_var.o(.data)
    OSIntQTaskTimeMax                        0x20000100   Data           4  os_var.o(.data)
    OSFlagDbgListPtr                         0x20000104   Data           4  os_var.o(.data)
    OSFlagQty                                0x20000108   Data           2  os_var.o(.data)
    OSMemDbgListPtr                          0x2000010c   Data           4  os_var.o(.data)
    OSMemQty                                 0x20000110   Data           2  os_var.o(.data)
    OSMutexDbgListPtr                        0x20000114   Data           4  os_var.o(.data)
    OSMutexQty                               0x20000118   Data           2  os_var.o(.data)
    OSPrioCur                                0x2000011a   Data           1  os_var.o(.data)
    OSPrioHighRdy                            0x2000011b   Data           1  os_var.o(.data)
    OSPrioSaved                              0x2000011c   Data           1  os_var.o(.data)
    OSQDbgListPtr                            0x20000120   Data           4  os_var.o(.data)
    OSQQty                                   0x20000124   Data           2  os_var.o(.data)
    OSSchedLockTimeBegin                     0x20000128   Data           4  os_var.o(.data)
    OSSchedLockTimeMax                       0x2000012c   Data           4  os_var.o(.data)
    OSSchedLockTimeMaxCur                    0x20000130   Data           4  os_var.o(.data)
    OSSchedLockNestingCtr                    0x20000134   Data           1  os_var.o(.data)
    OSSchedRoundRobinDfltTimeQuanta          0x20000138   Data           4  os_var.o(.data)
    OSSchedRoundRobinEn                      0x2000013c   Data           1  os_var.o(.data)
    OSSemDbgListPtr                          0x20000140   Data           4  os_var.o(.data)
    OSSemQty                                 0x20000144   Data           2  os_var.o(.data)
    OSStatResetFlag                          0x20000146   Data           1  os_var.o(.data)
    OSStatTaskCPUUsage                       0x20000148   Data           2  os_var.o(.data)
    OSStatTaskCPUUsageMax                    0x2000014a   Data           2  os_var.o(.data)
    OSStatTaskCtr                            0x2000014c   Data           4  os_var.o(.data)
    OSStatTaskCtrMax                         0x20000150   Data           4  os_var.o(.data)
    OSStatTaskCtrRun                         0x20000154   Data           4  os_var.o(.data)
    OSStatTaskRdy                            0x20000158   Data           1  os_var.o(.data)
    OSStatTaskTimeMax                        0x2000015c   Data           4  os_var.o(.data)
    OSTaskCtxSwCtr                           0x20000160   Data           4  os_var.o(.data)
    OSTaskDbgListPtr                         0x20000164   Data           4  os_var.o(.data)
    OSTaskQty                                0x20000168   Data           2  os_var.o(.data)
    OSTaskRegNextAvailID                     0x2000016a   Data           1  os_var.o(.data)
    OSTickCtr                                0x2000016c   Data           4  os_var.o(.data)
    OSTickTaskTimeMax                        0x20000170   Data           4  os_var.o(.data)
    OSTmrDbgListPtr                          0x20000174   Data           4  os_var.o(.data)
    OSTmrQty                                 0x20000178   Data           2  os_var.o(.data)
    OSTmrTaskTimeMax                         0x2000017c   Data           4  os_var.o(.data)
    OSTmrTickCtr                             0x20000180   Data           4  os_var.o(.data)
    OSTmrUpdateCnt                           0x20000184   Data           4  os_var.o(.data)
    OSTmrUpdateCtr                           0x20000188   Data           4  os_var.o(.data)
    OSTCBCurPtr                              0x2000018c   Data           4  os_var.o(.data)
    OSTCBHighRdyPtr                          0x20000190   Data           4  os_var.o(.data)
    OS_CPU_ExceptStkBase                     0x20000194   Data           4  os_cpu_c.o(.data)
    StartTaskTCB                             0x20000198   Data         200  main.o(.bss)
    START_TASK_STK                           0x20000260   Data        4096  main.o(.bss)
    SampleTaskTCB                            0x20001260   Data         200  main.o(.bss)
    SAMPLE_TASK_STK                          0x20001328   Data         512  main.o(.bss)
    Can1TaskTCB                              0x20001528   Data         200  main.o(.bss)
    CAN1_TASK_STK                            0x200015f0   Data         512  main.o(.bss)
    Can2TaskTCB                              0x200017f0   Data         200  main.o(.bss)
    CAN2_TASK_STK                            0x200018b8   Data         512  main.o(.bss)
    SteerTaskTCB                             0x20001ab8   Data         200  main.o(.bss)
    Steer_TASK_STK                           0x20001b80   Data         512  main.o(.bss)
    LedTaskTCB                               0x20001d80   Data         200  main.o(.bss)
    LED_TASK_STK                             0x20001e48   Data         512  main.o(.bss)
    sensor                                   0x20002048   Data          12  main.o(.bss)
    SYNC_SEM                                 0x20002054   Data          40  main.o(.bss)
    SYNC_SEM1                                0x2000207c   Data          40  main.o(.bss)
    ADC1ConvertedValue                       0x200020a4   Data        1200  adc.o(.bss)
    sensorsData                              0x20002554   Data          32  adc.o(.bss)
    can1RxMsg                                0x20002574   Data          20  can.o(.bss)
    can1Buffer                               0x20002588   Data          16  can.o(.bss)
    PWMVAL                                   0x20002598   Data          10  pwm.o(.bss)
    CPU_Name                                 0x200025a2   Data          16  cpu_core.o(.bss)
    OSCfg_IdleTaskStk                        0x200025b4   Data         512  os_cfg_app.o(.bss)
    OSCfg_IntQ                               0x200027b4   Data         320  os_cfg_app.o(.bss)
    OSCfg_IntQTaskStk                        0x200028f4   Data         512  os_cfg_app.o(.bss)
    OSCfg_ISRStk                             0x20002af4   Data         512  os_cfg_app.o(.bss)
    OSCfg_MsgPool                            0x20002cf4   Data        1600  os_cfg_app.o(.bss)
    OSCfg_StatTaskStk                        0x20003334   Data         512  os_cfg_app.o(.bss)
    OSCfg_TickTaskStk                        0x20003534   Data         512  os_cfg_app.o(.bss)
    OSCfg_TickWheel                          0x20003734   Data         136  os_cfg_app.o(.bss)
    OSCfg_TmrTaskStk                         0x200037bc   Data         512  os_cfg_app.o(.bss)
    OSCfg_TmrWheel                           0x200039bc   Data         136  os_cfg_app.o(.bss)
    OSIdleTaskTCB                            0x20003a44   Data         200  os_var.o(.bss)
    OSIntQTaskTCB                            0x20003b0c   Data         200  os_var.o(.bss)
    OSMsgPool                                0x20003bd4   Data          12  os_var.o(.bss)
    OSRdyList                                0x20003be0   Data         384  os_var.o(.bss)
    OSStatTaskTCB                            0x20003d60   Data         200  os_var.o(.bss)
    OSTickTaskTCB                            0x20003e28   Data         200  os_var.o(.bss)
    OSTmrTaskTCB                             0x20003ef0   Data         200  os_var.o(.bss)
    __initial_sp                             0x200043b8   Data           0  startup_stm32f10x_cl.o(STACK)



==============================================================================

Memory Map of the image

  Image Entry point : 0x08000151

  Load Region LR_IROM1 (Base: 0x08000000, Size: 0x00007704, Max: 0x00040000, ABSOLUTE, COMPRESSED[0x0000759c])

    Execution Region ER_IROM1 (Base: 0x08000000, Size: 0x0000756c, Max: 0x00040000, ABSOLUTE)

    Base Addr    Size         Type   Attr      Idx    E Section Name        Object

    0x08000000   0x00000150   Data   RO          346    RESET               startup_stm32f10x_cl.o
    0x08000150   0x00000000   Code   RO         4551  * .ARM.Collect$$$$00000000  mc_w.l(entry.o)
    0x08000150   0x00000004   Code   RO         4556    .ARM.Collect$$$$00000001  mc_w.l(entry2.o)
    0x08000154   0x00000004   Code   RO         4559    .ARM.Collect$$$$00000004  mc_w.l(entry5.o)
    0x08000158   0x00000000   Code   RO         4561    .ARM.Collect$$$$00000008  mc_w.l(entry7b.o)
    0x08000158   0x00000000   Code   RO         4563    .ARM.Collect$$$$0000000A  mc_w.l(entry8b.o)
    0x08000158   0x00000008   Code   RO         4564    .ARM.Collect$$$$0000000B  mc_w.l(entry9a.o)
    0x08000160   0x00000000   Code   RO         4566    .ARM.Collect$$$$0000000D  mc_w.l(entry10a.o)
    0x08000160   0x00000000   Code   RO         4568    .ARM.Collect$$$$0000000F  mc_w.l(entry11a.o)
    0x08000160   0x00000004   Code   RO         4557    .ARM.Collect$$$$00002712  mc_w.l(entry2.o)
    0x08000164   0x00000024   Code   RO          347    .text               startup_stm32f10x_cl.o
    0x08000188   0x00000034   Code   RO         2802    .text               cpu_a.o
    0x080001bc   0x00000024   Code   RO         4574    .text               mc_w.l(init.o)
    0x080001e0   0x00000056   Code   RO         4584    .text               mc_w.l(__dczerorl2.o)
    0x08000236   0x00000002   PAD
    0x08000238   0x00000098   Code   RO         4401    CODE                os_cpu_a.o
    0x080002d0   0x00000016   Code   RO          393    i.ADC_Cmd           stm32f10x_adc.o
    0x080002e6   0x00000016   Code   RO          394    i.ADC_DMACmd        stm32f10x_adc.o
    0x080002fc   0x0000005c   Code   RO          395    i.ADC_DeInit        stm32f10x_adc.o
    0x08000358   0x00000014   Code   RO          401    i.ADC_GetCalibrationStatus  stm32f10x_adc.o
    0x0800036c   0x00000014   Code   RO          407    i.ADC_GetResetCalibrationStatus  stm32f10x_adc.o
    0x08000380   0x00000050   Code   RO          411    i.ADC_Init          stm32f10x_adc.o
    0x080003d0   0x000000b8   Code   RO          415    i.ADC_RegularChannelConfig  stm32f10x_adc.o
    0x08000488   0x0000000a   Code   RO          416    i.ADC_ResetCalibration  stm32f10x_adc.o
    0x08000492   0x00000016   Code   RO          418    i.ADC_SoftwareStartConvCmd  stm32f10x_adc.o
    0x080004a8   0x0000000a   Code   RO          420    i.ADC_StartCalibration  stm32f10x_adc.o
    0x080004b2   0x00000010   Code   RO         2597    i.BSP_CPU_ClkFreq   bsp.o
    0x080004c2   0x00000004   Code   RO          222    i.BusFault_Handler  stm32f10x_it.o
    0x080004c6   0x00000002   PAD
    0x080004c8   0x00000100   Code   RO         2213    i.CAN1_RX0_IRQHandler  can.o
    0x080005c8   0x00000060   Code   RO         2214    i.CAN2_RX0_IRQHandler  can.o
    0x08000628   0x000000bc   Code   RO         2463    i.CAN_BLDC_Control  driver2.o
    0x080006e4   0x0000001a   Code   RO         2464    i.CAN_BLDC_Delay_Us  driver2.o
    0x080006fe   0x00000002   PAD
    0x08000700   0x000000b8   Code   RO         2465    i.CAN_BLDC_RePositionMod  driver2.o
    0x080007b8   0x00000080   Code   RO         2466    i.CAN_BLDC_ResetMod  driver2.o
    0x08000838   0x00000108   Code   RO          693    i.CAN_FilterInit    stm32f10x_can.o
    0x08000940   0x00000012   Code   RO          699    i.CAN_ITConfig      stm32f10x_can.o
    0x08000952   0x00000114   Code   RO          700    i.CAN_Init          stm32f10x_can.o
    0x08000a66   0x000000f0   Code   RO          703    i.CAN_Receive       stm32f10x_can.o
    0x08000b56   0x00000126   Code   RO          708    i.CAN_Transmit      stm32f10x_can.o
    0x08000c7c   0x000000a0   Code   RO          709    i.CAN_TransmitStatus  stm32f10x_can.o
    0x08000d1c   0x00000010   Code   RO         2638    i.CPU_Init          cpu_core.o
    0x08000d2c   0x00000084   Code   RO         2639    i.CPU_IntDisMeasInit  cpu_core.o
    0x08000db0   0x0000001c   Code   RO         2640    i.CPU_IntDisMeasMaxCalc  cpu_core.o
    0x08000dcc   0x0000002c   Code   RO         2641    i.CPU_IntDisMeasMaxCurGet  cpu_core.o
    0x08000df8   0x0000002c   Code   RO         2642    i.CPU_IntDisMeasMaxCurReset  cpu_core.o
    0x08000e24   0x0000002c   Code   RO         2643    i.CPU_IntDisMeasMaxGet  cpu_core.o
    0x08000e50   0x00000034   Code   RO         2644    i.CPU_IntDisMeasStart  cpu_core.o
    0x08000e84   0x00000054   Code   RO         2645    i.CPU_IntDisMeasStop  cpu_core.o
    0x08000ed8   0x00000038   Code   RO         2646    i.CPU_NameClr       cpu_core.o
    0x08000f10   0x00000008   Code   RO         2648    i.CPU_NameInit      cpu_core.o
    0x08000f18   0x00000014   Code   RO         2652    i.CPU_TS_Init       cpu_core.o
    0x08000f2c   0x0000000c   Code   RO         2654    i.CPU_TS_TmrFreqSet  cpu_core.o
    0x08000f38   0x00000034   Code   RO         2599    i.CPU_TS_TmrInit    bsp.o
    0x08000f6c   0x0000000c   Code   RO         2600    i.CPU_TS_TmrRd      bsp.o
    0x08000f78   0x00000018   Code   RO          910    i.DMA_Cmd           stm32f10x_dma.o
    0x08000f90   0x0000014c   Code   RO          911    i.DMA_DeInit        stm32f10x_dma.o
    0x080010dc   0x0000003c   Code   RO          916    i.DMA_Init          stm32f10x_dma.o
    0x08001118   0x00000002   Code   RO          223    i.DebugMon_Handler  stm32f10x_it.o
    0x0800111a   0x00000116   Code   RO         1040    i.GPIO_Init         stm32f10x_gpio.o
    0x08001230   0x00000090   Code   RO         1042    i.GPIO_PinRemapConfig  stm32f10x_gpio.o
    0x080012c0   0x00000004   Code   RO          224    i.HardFault_Handler  stm32f10x_it.o
    0x080012c4   0x0000002c   Code   RO         2154    i.LED_Init          led.o
    0x080012f0   0x00000004   Code   RO          225    i.MemManage_Handler  stm32f10x_it.o
    0x080012f4   0x00000012   Code   RO         2994    i.Mem_Clr           lib_mem.o
    0x08001306   0x00000062   Code   RO         3011    i.Mem_Set           lib_mem.o
    0x08001368   0x00000002   Code   RO          226    i.NMI_Handler       stm32f10x_it.o
    0x0800136a   0x00000002   PAD
    0x0800136c   0x00000070   Code   RO          351    i.NVIC_Init         misc.o
    0x080013dc   0x00000014   Code   RO          352    i.NVIC_PriorityGroupConfig  misc.o
    0x080013f0   0x00000002   Code   RO         3268    i.OSCfg_Init        os_cfg_app.o
    0x080013f2   0x00000002   PAD
    0x080013f4   0x00000014   Code   RO         4404    i.OSIdleTaskHook    os_cpu_c.o
    0x08001408   0x0000018c   Code   RO         3291    i.OSInit            os_core.o
    0x08001594   0x00000038   Code   RO         4405    i.OSInitHook        os_cpu_c.o
    0x080015cc   0x0000002c   Code   RO         3292    i.OSIntEnter        os_core.o
    0x080015f8   0x000000e4   Code   RO         3293    i.OSIntExit         os_core.o
    0x080016dc   0x000000a8   Code   RO         3294    i.OSSched           os_core.o
    0x08001784   0x0000007c   Code   RO         3295    i.OSSchedLock       os_core.o
    0x08001800   0x0000006c   Code   RO         3296    i.OSSchedRoundRobinCfg  os_core.o
    0x0800186c   0x000000a0   Code   RO         3298    i.OSSchedUnlock     os_core.o
    0x0800190c   0x000000e4   Code   RO         3937    i.OSSemCreate       os_sem.o
    0x080019f0   0x0000021c   Code   RO         3939    i.OSSemPend         os_sem.o
    0x08001c0c   0x00000068   Code   RO         3299    i.OSStart           os_core.o
    0x08001c74   0x00000168   Code   RO         4009    i.OSStatReset       os_stat.o
    0x08001ddc   0x00000100   Code   RO         4010    i.OSStatTaskCPUUsageInit  os_stat.o
    0x08001edc   0x00000014   Code   RO         4406    i.OSStatTaskHook    os_cpu_c.o
    0x08001ef0   0x00000294   Code   RO         4040    i.OSTaskCreate      os_task.o
    0x08002184   0x00000018   Code   RO         4407    i.OSTaskCreateHook  os_cpu_c.o
    0x0800219c   0x00000208   Code   RO         4041    i.OSTaskDel         os_task.o
    0x080023a4   0x00000018   Code   RO         4408    i.OSTaskDelHook     os_cpu_c.o
    0x080023bc   0x00000088   Code   RO         4049    i.OSTaskResume      os_task.o
    0x08002444   0x00000018   Code   RO         4409    i.OSTaskReturnHook  os_cpu_c.o
    0x0800245c   0x00000250   Code   RO         4050    i.OSTaskSemPend     os_task.o
    0x080026ac   0x000000e4   Code   RO         4054    i.OSTaskStkChk      os_task.o
    0x08002790   0x000000c0   Code   RO         4410    i.OSTaskStkInit     os_cpu_c.o
    0x08002850   0x00000060   Code   RO         4055    i.OSTaskSuspend     os_task.o
    0x080028b0   0x000000a4   Code   RO         4411    i.OSTaskSwHook      os_cpu_c.o
    0x08002954   0x00000150   Code   RO         4255    i.OSTimeDly         os_time.o
    0x08002aa4   0x0000022c   Code   RO         4256    i.OSTimeDlyHMSM     os_time.o
    0x08002cd0   0x00000044   Code   RO         4260    i.OSTimeTick        os_time.o
    0x08002d14   0x00000014   Code   RO         4412    i.OSTimeTickHook    os_cpu_c.o
    0x08002d28   0x000001b4   Code   RO         3537    i.OS_Dbg_Init       os_dbg.o
    0x08002edc   0x00000018   Code   RO         3562    i.OS_FlagInit       os_flag.o
    0x08002ef4   0x0000027c   Code   RO         3563    i.OS_FlagPost       os_flag.o
    0x08003170   0x00000056   Code   RO         3564    i.OS_FlagTaskRdy    os_flag.o
    0x080031c6   0x00000002   PAD
    0x080031c8   0x0000004c   Code   RO         3301    i.OS_IdleTask       os_core.o
    0x08003214   0x00000070   Code   RO         3302    i.OS_IdleTaskInit   os_core.o
    0x08003284   0x00000104   Code   RO         3636    i.OS_IntQPost       os_int.o
    0x08003388   0x000001a4   Code   RO         3637    i.OS_IntQRePost     os_int.o
    0x0800352c   0x000000c8   Code   RO         3638    i.OS_IntQTask       os_int.o
    0x080035f4   0x00000128   Code   RO         3639    i.OS_IntQTaskInit   os_int.o
    0x0800371c   0x00000018   Code   RO         3670    i.OS_MemInit        os_mem.o
    0x08003734   0x0000007c   Code   RO         3702    i.OS_MsgPoolInit    os_msg.o
    0x080037b0   0x00000044   Code   RO         3703    i.OS_MsgQFreeAll    os_msg.o
    0x080037f4   0x0000000e   Code   RO         3705    i.OS_MsgQInit       os_msg.o
    0x08003802   0x00000002   PAD
    0x08003804   0x00000104   Code   RO         3706    i.OS_MsgQPut        os_msg.o
    0x08003908   0x00000018   Code   RO         3746    i.OS_MutexInit      os_mutex.o
    0x08003920   0x00000068   Code   RO         3303    i.OS_Pend           os_core.o
    0x08003988   0x00000026   Code   RO         3306    i.OS_PendDataInit   os_core.o
    0x080039ae   0x00000002   PAD
    0x080039b0   0x0000005c   Code   RO         3307    i.OS_PendDbgNameAdd  os_core.o
    0x08003a0c   0x00000024   Code   RO         3308    i.OS_PendDbgNameRemove  os_core.o
    0x08003a30   0x0000000a   Code   RO         3310    i.OS_PendListInit   os_core.o
    0x08003a3a   0x00000066   Code   RO         3312    i.OS_PendListInsertPrio  os_core.o
    0x08003aa0   0x00000030   Code   RO         3313    i.OS_PendListRemove  os_core.o
    0x08003ad0   0x00000042   Code   RO         3314    i.OS_PendListRemove1  os_core.o
    0x08003b12   0x000000c0   Code   RO         3317    i.OS_Post           os_core.o
    0x08003bd2   0x0000002a   Code   RO         3318    i.OS_Post1          os_core.o
    0x08003bfc   0x00000028   Code   RO         3828    i.OS_PrioGetHighest  os_prio.o
    0x08003c24   0x00000018   Code   RO         3829    i.OS_PrioInit       os_prio.o
    0x08003c3c   0x00000024   Code   RO         3830    i.OS_PrioInsert     os_prio.o
    0x08003c60   0x00000024   Code   RO         3831    i.OS_PrioRemove     os_prio.o
    0x08003c84   0x00000018   Code   RO         3874    i.OS_QInit          os_q.o
    0x08003c9c   0x00000188   Code   RO         3875    i.OS_QPost          os_q.o
    0x08003e24   0x00000024   Code   RO         3319    i.OS_RdyListInit    os_core.o
    0x08003e48   0x0000002c   Code   RO         3320    i.OS_RdyListInsert  os_core.o
    0x08003e74   0x00000040   Code   RO         3321    i.OS_RdyListInsertHead  os_core.o
    0x08003eb4   0x0000003c   Code   RO         3322    i.OS_RdyListInsertTail  os_core.o
    0x08003ef0   0x00000044   Code   RO         3323    i.OS_RdyListMoveHeadToTail  os_core.o
    0x08003f34   0x0000005c   Code   RO         3324    i.OS_RdyListRemove  os_core.o
    0x08003f90   0x0000005c   Code   RO         3325    i.OS_Sched0         os_core.o
    0x08003fec   0x0000001c   Code   RO         3326    i.OS_SchedLockTimeMeasStart  os_core.o
    0x08004008   0x0000003c   Code   RO         3327    i.OS_SchedLockTimeMeasStop  os_core.o
    0x08004044   0x000000ec   Code   RO         3328    i.OS_SchedRoundRobin  os_core.o
    0x08004130   0x00000030   Code   RO         3944    i.OS_SemDbgListAdd  os_sem.o
    0x08004160   0x00000018   Code   RO         3946    i.OS_SemInit        os_sem.o
    0x08004178   0x00000198   Code   RO         3947    i.OS_SemPost        os_sem.o
    0x08004310   0x000003b8   Code   RO         4011    i.OS_StatTask       os_stat.o
    0x080046c8   0x000000cc   Code   RO         4012    i.OS_StatTaskInit   os_stat.o
    0x08004794   0x00000038   Code   RO         3329    i.OS_TaskBlock      os_core.o
    0x080047cc   0x00000030   Code   RO         4057    i.OS_TaskDbgListAdd  os_task.o
    0x080047fc   0x00000044   Code   RO         4058    i.OS_TaskDbgListRemove  os_task.o
    0x08004840   0x00000020   Code   RO         4059    i.OS_TaskInit       os_task.o
    0x08004860   0x000000d0   Code   RO         4060    i.OS_TaskInitTCB    os_task.o
    0x08004930   0x0000026c   Code   RO         4061    i.OS_TaskQPost      os_task.o
    0x08004b9c   0x0000001c   Code   RO         3330    i.OS_TaskRdy        os_core.o
    0x08004bb8   0x0000017c   Code   RO         4062    i.OS_TaskResume     os_task.o
    0x08004d34   0x00000018   Code   RO         4063    i.OS_TaskReturn     os_task.o
    0x08004d4c   0x000005a8   Code   RO         4064    i.OS_TaskSemPost    os_task.o
    0x080052f4   0x00000190   Code   RO         4065    i.OS_TaskSuspend    os_task.o
    0x08005484   0x00000028   Code   RO         4207    i.OS_TickListInit   os_tick.o
    0x080054ac   0x000001bc   Code   RO         4208    i.OS_TickListInsert  os_tick.o
    0x08005668   0x00000038   Code   RO         4209    i.OS_TickListRemove  os_tick.o
    0x080056a0   0x00000024   Code   RO         4210    i.OS_TickListResetPeak  os_tick.o
    0x080056c4   0x00000220   Code   RO         4211    i.OS_TickListUpdate  os_tick.o
    0x080058e4   0x0000002c   Code   RO         4212    i.OS_TickTask       os_tick.o
    0x08005910   0x000000b8   Code   RO         4213    i.OS_TickTaskInit   os_tick.o
    0x080059c8   0x00000128   Code   RO         4306    i.OS_TmrInit        os_tmr.o
    0x08005af0   0x000000d0   Code   RO         4307    i.OS_TmrLink        os_tmr.o
    0x08005bc0   0x00000024   Code   RO         4308    i.OS_TmrResetPeak   os_tmr.o
    0x08005be4   0x000000c0   Code   RO         4309    i.OS_TmrTask        os_tmr.o
    0x08005ca4   0x00000050   Code   RO         4310    i.OS_TmrUnlink      os_tmr.o
    0x08005cf4   0x00000018   Code   RO         1208    i.RCC_ADCCLKConfig  stm32f10x_rcc.o
    0x08005d0c   0x00000020   Code   RO         1209    i.RCC_AHBPeriphClockCmd  stm32f10x_rcc.o
    0x08005d2c   0x00000020   Code   RO         1211    i.RCC_APB1PeriphClockCmd  stm32f10x_rcc.o
    0x08005d4c   0x00000020   Code   RO         1213    i.RCC_APB2PeriphClockCmd  stm32f10x_rcc.o
    0x08005d6c   0x00000020   Code   RO         1214    i.RCC_APB2PeriphResetCmd  stm32f10x_rcc.o
    0x08005d8c   0x00000190   Code   RO         1221    i.RCC_GetClocksFreq  stm32f10x_rcc.o
    0x08005f1c   0x00000002   Code   RO          227    i.SVC_Handler       stm32f10x_it.o
    0x08005f1e   0x00000008   Code   RO          299    i.SetSysClock       system_stm32f10x.o
    0x08005f26   0x00000002   PAD
    0x08005f28   0x00000118   Code   RO          300    i.SetSysClockTo72   system_stm32f10x.o
    0x08006040   0x00000028   Code   RO          355    i.SysTick_CLKSourceConfig  misc.o
    0x08006068   0x0000001c   Code   RO         2519    i.SysTick_Handler   delay.o
    0x08006084   0x0000006c   Code   RO          302    i.SystemInit        system_stm32f10x.o
    0x080060f0   0x0000008c   Code   RO         2415    i.TIM1_PWM_Init     pwm.o
    0x0800617c   0x0000001c   Code   RO         2416    i.TIM3_IRQHandler   pwm.o
    0x08006198   0x000000c0   Code   RO         2418    i.TIM3_PWM_Init     pwm.o
    0x08006258   0x00000028   Code   RO         2275    i.TIM5_IRQHandler   timer.o
    0x08006280   0x00000060   Code   RO         2276    i.TIM5_Int_Init     timer.o
    0x080062e0   0x00000006   Code   RO         1563    i.TIM_ClearITPendingBit  stm32f10x_tim.o
    0x080062e6   0x00000018   Code   RO         1568    i.TIM_Cmd           stm32f10x_tim.o
    0x080062fe   0x0000001e   Code   RO         1570    i.TIM_CtrlPWMOutputs  stm32f10x_tim.o
    0x0800631c   0x00000022   Code   RO         1589    i.TIM_GetITStatus   stm32f10x_tim.o
    0x0800633e   0x00000012   Code   RO         1593    i.TIM_ITConfig      stm32f10x_tim.o
    0x08006350   0x00000098   Code   RO         1597    i.TIM_OC1Init       stm32f10x_tim.o
    0x080063e8   0x00000012   Code   RO         1600    i.TIM_OC1PreloadConfig  stm32f10x_tim.o
    0x080063fa   0x00000002   PAD
    0x080063fc   0x000000a4   Code   RO         1602    i.TIM_OC2Init       stm32f10x_tim.o
    0x080064a0   0x0000001a   Code   RO         1605    i.TIM_OC2PreloadConfig  stm32f10x_tim.o
    0x080064ba   0x00000002   PAD
    0x080064bc   0x000000a0   Code   RO         1607    i.TIM_OC3Init       stm32f10x_tim.o
    0x0800655c   0x00000012   Code   RO         1610    i.TIM_OC3PreloadConfig  stm32f10x_tim.o
    0x0800656e   0x00000002   PAD
    0x08006570   0x0000007c   Code   RO         1612    i.TIM_OC4Init       stm32f10x_tim.o
    0x080065ec   0x0000001a   Code   RO         1614    i.TIM_OC4PreloadConfig  stm32f10x_tim.o
    0x08006606   0x00000004   Code   RO         1629    i.TIM_SetCompare1   stm32f10x_tim.o
    0x0800660a   0x00000004   Code   RO         1630    i.TIM_SetCompare2   stm32f10x_tim.o
    0x0800660e   0x00000004   Code   RO         1631    i.TIM_SetCompare3   stm32f10x_tim.o
    0x08006612   0x00000006   Code   RO         1632    i.TIM_SetCompare4   stm32f10x_tim.o
    0x08006618   0x000000a4   Code   RO         1639    i.TIM_TimeBaseInit  stm32f10x_tim.o
    0x080066bc   0x00000004   Code   RO          228    i.UsageFault_Handler  stm32f10x_it.o
    0x080066c0   0x0000000e   Code   RO         4578    i.__scatterload_copy  mc_w.l(handlers.o)
    0x080066ce   0x00000002   Code   RO         4579    i.__scatterload_null  mc_w.l(handlers.o)
    0x080066d0   0x0000000e   Code   RO         4580    i.__scatterload_zeroinit  mc_w.l(handlers.o)
    0x080066de   0x00000002   PAD
    0x080066e0   0x00000130   Code   RO         2215    i.can1Init          can.o
    0x08006810   0x00000078   Code   RO         2216    i.can1SendMsg       can.o
    0x08006888   0x00000088   Code   RO         2217    i.can1_task         can.o
    0x08006910   0x000000fc   Code   RO         2218    i.can2Init          can.o
    0x08006a0c   0x00000064   Code   RO         2220    i.can2_task         can.o
    0x08006a70   0x00000070   Code   RO         2520    i.delay_init        delay.o
    0x08006ae0   0x00000050   Code   RO         2521    i.delay_ms          delay.o
    0x08006b30   0x0000000a   Code   RO         2522    i.delay_osschedlock  delay.o
    0x08006b3a   0x0000000a   Code   RO         2523    i.delay_osschedunlock  delay.o
    0x08006b44   0x00000010   Code   RO         2524    i.delay_ostimedly   delay.o
    0x08006b54   0x0000005c   Code   RO         2525    i.delay_us          delay.o
    0x08006bb0   0x00000040   Code   RO         2468    i.get_CAN_BLDC_MOTOR_STATE  driver2.o
    0x08006bf0   0x00000030   Code   RO         2155    i.led_task          led.o
    0x08006c20   0x000001c0   Code   RO            1    i.main              main.o
    0x08006de0   0x00000190   Code   RO         2188    i.sampleInit        adc.o
    0x08006f70   0x0000008c   Code   RO         2189    i.sample_task       adc.o
    0x08006ffc   0x00000040   Code   RO         2469    i.set_CAN_BLDC_MOTOR_STATE  driver2.o
    0x0800703c   0x00000270   Code   RO            2    i.start_task        main.o
    0x080072ac   0x00000090   Code   RO         2419    i.steer_task        pwm.o
    0x0800733c   0x000000a4   Data   RO         3270    .constdata          os_cfg_app.o
    0x080073e0   0x0000016c   Data   RO         3538    .constdata          os_dbg.o
    0x0800754c   0x00000020   Data   RO         4576    Region$$Table       anon$$obj.o


    Execution Region RW_IRAM1 (Base: 0x20000000, Size: 0x000043b8, Max: 0x00010000, ABSOLUTE, COMPRESSED[0x00000030])

    Base Addr    Size         Type   Attr      Idx    E Section Name        Object

    0x20000000   0x00000012   Data   RW            4    .data               main.o
    0x20000012   0x00000002   PAD
    0x20000014   0x00000014   Data   RW          303    .data               system_stm32f10x.o
    0x20000028   0x00000014   Data   RW         1249    .data               stm32f10x_rcc.o
    0x2000003c   0x00000054   Data   RW         2222    .data               can.o
    0x20000090   0x00000004   Data   RW         2277    .data               timer.o
    0x20000094   0x0000000a   Data   RW         2470    .data               driver2.o
    0x2000009e   0x00000004   Data   RW         2526    .data               delay.o
    0x200000a2   0x00000002   PAD
    0x200000a4   0x0000001c   Data   RW         2658    .data               cpu_core.o
    0x200000c0   0x00000004   Data   RW         3832    .data               os_prio.o
    0x200000c4   0x000000d0   Data   RW         4388    .data               os_var.o
    0x20000194   0x00000004   Data   RW         4415    .data               os_cpu_c.o
    0x20000198   0x00001f0c   Zero   RW            3    .bss                main.o
    0x200020a4   0x000004d0   Zero   RW         2190    .bss                adc.o
    0x20002574   0x00000024   Zero   RW         2221    .bss                can.o
    0x20002598   0x0000000a   Zero   RW         2420    .bss                pwm.o
    0x200025a2   0x00000010   Zero   RW         2656    .bss                cpu_core.o
    0x200025b2   0x00000002   PAD
    0x200025b4   0x00001490   Zero   RW         3269    .bss                os_cfg_app.o
    0x20003a44   0x00000574   Zero   RW         4387    .bss                os_var.o
    0x20003fb8   0x00000400   Zero   RW          344    STACK               startup_stm32f10x_cl.o


==============================================================================

Image component sizes


      Code (inc. data)   RO Data    RW Data    ZI Data      Debug   Object Name

       540         34          0          0       1232       2179   adc.o
        80         14          0          0          0       1522   bsp.o
      1264         94          0         84         36       7085   can.o
         0          0          0          0          0         32   core_cm3.o
        52          0          0          0          0        348   cpu_a.o
       540         98          0         28         16      16401   cpu_core.o
       348         44          0          4          0       3841   delay.o
       654         72          0         10          0       4484   driver2.o
        92         10          0          0          0        974   led.o
       116          0          0          0          0       1880   lib_mem.o
      1072        210          0         18       7948     339815   main.o
       172         22          0          0          0       2065   misc.o
         2          0        164          0       5264      20962   os_cfg_app.o
      3114        424          0          0          0      20806   os_core.o
       152         32          0          0          0        404   os_cpu_a.o
       544         60          0          4          0       6932   os_cpu_c.o
       436        286        364          0          0       4805   os_dbg.o
       746         28          0          0          0       3021   os_flag.o
      1176        204          0          0          0       3406   os_int.o
        24         10          0          0          0        865   os_mem.o
       466         26          0          0          0       3185   os_msg.o
        24         10          0          0          0        871   os_mutex.o
       136         16          0          4          0       2810   os_prio.o
       416         20          0          0          0       2158   os_q.o
      1248         58          0          0          0       4743   os_sem.o
      1772        214          0          0          0       4007   os_stat.o
      5460        260          0          0          0      13484   os_task.o
      1348        124          0          0          0       5393   os_tick.o
       960         46          0          0          0       3033   os_time.o
       812        134          0          0          0       4092   os_tmr.o
         0          0          0        208       1396      19493   os_var.o
       504         38          0          0         10       2984   pwm.o
        36          8        336          0       1024        796   startup_stm32f10x_cl.o
       482         24          0          0          0       7934   stm32f10x_adc.o
      1252         28          0          0          0       5073   stm32f10x_can.o
       416          8          0          0          0       3430   stm32f10x_dma.o
       422          6          0          0          0       2786   stm32f10x_gpio.o
        22          0          0          0          0       2915   stm32f10x_it.o
       552         56          0         20          0       6934   stm32f10x_rcc.o
       982         92          0          0          0      11483   stm32f10x_tim.o
       396         32          0         20          0       2125   system_stm32f10x.o
       136         14          0          4          0       1349   timer.o

    ----------------------------------------------------------------------
     28988       2856        896        408      16928     552905   Object Totals
         0          0         32          0          0          0   (incl. Generated)
        22          0          0          4          2          0   (incl. Padding)

    ----------------------------------------------------------------------

      Code (inc. data)   RO Data    RW Data    ZI Data      Debug   Library Member Name

        86          0          0          0          0          0   __dczerorl2.o
         0          0          0          0          0          0   entry.o
         0          0          0          0          0          0   entry10a.o
         0          0          0          0          0          0   entry11a.o
         8          4          0          0          0          0   entry2.o
         4          0          0          0          0          0   entry5.o
         0          0          0          0          0          0   entry7b.o
         0          0          0          0          0          0   entry8b.o
         8          4          0          0          0          0   entry9a.o
        30          0          0          0          0          0   handlers.o
        36          8          0          0          0         68   init.o

    ----------------------------------------------------------------------
       176         16          0          0          0         68   Library Totals
         4          0          0          0          0          0   (incl. Padding)

    ----------------------------------------------------------------------

      Code (inc. data)   RO Data    RW Data    ZI Data      Debug   Library Name

       172         16          0          0          0         68   mc_w.l

    ----------------------------------------------------------------------
       176         16          0          0          0         68   Library Totals

    ----------------------------------------------------------------------

==============================================================================


      Code (inc. data)   RO Data    RW Data    ZI Data      Debug   

     29164       2872        896        408      16928     542597   Grand Totals
     29164       2872        896         48      16928     542597   ELF Image Totals (compressed)
     29164       2872        896         48          0          0   ROM Totals

==============================================================================

    Total RO  Size (Code + RO Data)                30060 (  29.36kB)
    Total RW  Size (RW Data + ZI Data)             17336 (  16.93kB)
    Total ROM Size (Code + RO Data + RW Data)      30108 (  29.40kB)

==============================================================================

