<html>
<body>
<pre>
<h1>礦ision Build Log</h1>
<h2>Tool Versions:</h2>
IDE-Version: μVision V5.14.0.0
Copyright (C) 2015 ARM Ltd and ARM Germany GmbH. All rights reserved.
License Information: 0 0, 0, LIC=SDAQD-888EF-1PVZ5-GFVSJ-WWZZR-DS2XL
 
Tool Versions:
Toolchain:       MDK-ARM Standard  Version: 5.14.0.0
Toolchain Path:  C:\Keil_v5\ARM\ARMCC\Bin
C Compiler:      Armcc.exe V5.05 update 1 (build 106)
Assembler:       Armasm.exe V5.05 update 1 (build 106)
Linker/Locator:  ArmLink.exe V5.05 update 1 (build 106)
Library Manager: ArmAr.exe V5.05 update 1 (build 106)
Hex Converter:   FromElf.exe V5.05 update 1 (build 106)
CPU DLL:         SARMCM3.DLL V5.14.0.0
Dialog DLL:      DARMSTM.DLL V1.65.0.0
Target DLL:      Segger\JL2CM3.dll V2.99.13.0
Dialog DLL:      TARMSTM.DLL V1.64.0.0
 
<h2>Project:</h2>
E:\Laboratory\Penguin project\node program\Penguin_node_program\penguin robot\Project\Template.uvprojx
Project File Date:  04/06/2019

<h2>Output:</h2>
Build target 'Template'
compiling main.c...
qr_protocol.h(47): warning:  #9-D: nested comment is not allowed
  ////////////////////////////////////////////////////////*/
qr_protocol.h(103): warning:  #9-D: nested comment is not allowed
  ////////////////////////////////////////////////////////*/
qr_protocol.h(126): warning:  #9-D: nested comment is not allowed
  ////////////////////////////////////////////////////////*/
driver2.h(36): warning:  #1-D: last line of file ends without a newline
  #endif
pwm.h(11): warning:  #1-D: last line of file ends without a newline
  #endif
main.h(66): warning:  #14-D: extra text after expected end of preprocessing directive
  #ifndef       DEBUG_DATA_FEEDBACK && DEBUG_DATA_ERR && DEBUG_DATA_TRANS && DEBUG_CPU_USAGE
main.c: 6 warnings, 0 errors
compiling led.c...
..\Project\qr_protocol.h(47): warning:  #9-D: nested comment is not allowed
  ////////////////////////////////////////////////////////*/
..\Project\qr_protocol.h(103): warning:  #9-D: nested comment is not allowed
  ////////////////////////////////////////////////////////*/
..\Project\qr_protocol.h(126): warning:  #9-D: nested comment is not allowed
  ////////////////////////////////////////////////////////*/
..\Project\driver2.h(36): warning:  #1-D: last line of file ends without a newline
  #endif
..\Project\pwm.h(11): warning:  #1-D: last line of file ends without a newline
  #endif
..\Project\main.h(66): warning:  #14-D: extra text after expected end of preprocessing directive
  #ifndef       DEBUG_DATA_FEEDBACK && DEBUG_DATA_ERR && DEBUG_DATA_TRANS && DEBUG_CPU_USAGE
..\HARDWAVE\LED\led.c: 6 warnings, 0 errors
compiling adc.c...
..\Project\qr_protocol.h(47): warning:  #9-D: nested comment is not allowed
  ////////////////////////////////////////////////////////*/
..\Project\qr_protocol.h(103): warning:  #9-D: nested comment is not allowed
  ////////////////////////////////////////////////////////*/
..\Project\qr_protocol.h(126): warning:  #9-D: nested comment is not allowed
  ////////////////////////////////////////////////////////*/
..\Project\driver2.h(36): warning:  #1-D: last line of file ends without a newline
  #endif
..\Project\pwm.h(11): warning:  #1-D: last line of file ends without a newline
  #endif
..\Project\main.h(66): warning:  #14-D: extra text after expected end of preprocessing directive
  #ifndef       DEBUG_DATA_FEEDBACK && DEBUG_DATA_ERR && DEBUG_DATA_TRANS && DEBUG_CPU_USAGE
..\HARDWAVE\ADC\adc.c: 6 warnings, 0 errors
compiling can.c...
..\Project\qr_protocol.h(47): warning:  #9-D: nested comment is not allowed
  ////////////////////////////////////////////////////////*/
..\Project\qr_protocol.h(103): warning:  #9-D: nested comment is not allowed
  ////////////////////////////////////////////////////////*/
..\Project\qr_protocol.h(126): warning:  #9-D: nested comment is not allowed
  ////////////////////////////////////////////////////////*/
..\Project\driver2.h(36): warning:  #1-D: last line of file ends without a newline
  #endif
..\Project\pwm.h(11): warning:  #1-D: last line of file ends without a newline
  #endif
..\Project\main.h(66): warning:  #14-D: extra text after expected end of preprocessing directive
  #ifndef       DEBUG_DATA_FEEDBACK && DEBUG_DATA_ERR && DEBUG_DATA_TRANS && DEBUG_CPU_USAGE
..\HARDWAVE\CAN\can.c(48): warning:  #177-D: variable "maskId" was declared but never referenced
        uint16_t maskId;                                                        
..\HARDWAVE\CAN\can.c(215): warning:  #223-D: function "memcpy" declared implicitly
        memcpy(DATA, RxMessage.Data, 8);
..\HARDWAVE\CAN\can.c(198): warning:  #177-D: variable "err1" was declared but never referenced
        OS_ERR err,err1;
..\HARDWAVE\CAN\can.c(305): warning:  #177-D: variable "motorPosition" was declared but never referenced
        int32_t motorPosition = 0;
..\HARDWAVE\CAN\can.c(368): warning:  #223-D: function "memset" declared implicitly
        memset(&TxMessage.Data,0,sizeof(TxMessage.Data));               //清空数据缓存区
..\HARDWAVE\CAN\can.c(441): warning:  #223-D: function "memset" declared implicitly
                memset(can1Buffer,0x00,sizeof(can1Buffer));                                             //清空can缓冲区 
..\HARDWAVE\CAN\can.c: 12 warnings, 0 errors
compiling debug.c...
..\Project\qr_protocol.h(47): warning:  #9-D: nested comment is not allowed
  ////////////////////////////////////////////////////////*/
..\Project\qr_protocol.h(103): warning:  #9-D: nested comment is not allowed
  ////////////////////////////////////////////////////////*/
..\Project\qr_protocol.h(126): warning:  #9-D: nested comment is not allowed
  ////////////////////////////////////////////////////////*/
..\Project\driver2.h(36): warning:  #1-D: last line of file ends without a newline
  #endif
..\Project\pwm.h(11): warning:  #1-D: last line of file ends without a newline
  #endif
..\Project\main.h(66): warning:  #14-D: extra text after expected end of preprocessing directive
  #ifndef       DEBUG_DATA_FEEDBACK && DEBUG_DATA_ERR && DEBUG_DATA_TRANS && DEBUG_CPU_USAGE
..\HARDWAVE\DEBUG\debug.c(6): warning:  #177-D: variable "i" was declared but never referenced
        static u32 i = 0,j = 0;
..\HARDWAVE\DEBUG\debug.c(6): warning:  #177-D: variable "j" was declared but never referenced
        static u32 i = 0,j = 0;
..\HARDWAVE\DEBUG\debug.c: 8 warnings, 0 errors
compiling driver.c...
..\Project\qr_protocol.h(47): warning:  #9-D: nested comment is not allowed
  ////////////////////////////////////////////////////////*/
..\Project\qr_protocol.h(103): warning:  #9-D: nested comment is not allowed
  ////////////////////////////////////////////////////////*/
..\Project\qr_protocol.h(126): warning:  #9-D: nested comment is not allowed
  ////////////////////////////////////////////////////////*/
..\Project\driver2.h(36): warning:  #1-D: last line of file ends without a newline
  #endif
..\Project\pwm.h(11): warning:  #1-D: last line of file ends without a newline
  #endif
..\Project\main.h(66): warning:  #14-D: extra text after expected end of preprocessing directive
  #ifndef       DEBUG_DATA_FEEDBACK && DEBUG_DATA_ERR && DEBUG_DATA_TRANS && DEBUG_CPU_USAGE
..\HARDWAVE\DRIVER\driver.c: 6 warnings, 0 errors
compiling pwm.c...
qr_protocol.h(47): warning:  #9-D: nested comment is not allowed
  ////////////////////////////////////////////////////////*/
qr_protocol.h(103): warning:  #9-D: nested comment is not allowed
  ////////////////////////////////////////////////////////*/
qr_protocol.h(126): warning:  #9-D: nested comment is not allowed
  ////////////////////////////////////////////////////////*/
driver2.h(36): warning:  #1-D: last line of file ends without a newline
  #endif
pwm.h(11): warning:  #1-D: last line of file ends without a newline
  #endif
main.h(66): warning:  #14-D: extra text after expected end of preprocessing directive
  #ifndef       DEBUG_DATA_FEEDBACK && DEBUG_DATA_ERR && DEBUG_DATA_TRANS && DEBUG_CPU_USAGE
pwm.c(161): warning:  #1-D: last line of file ends without a newline
  }
pwm.c: 7 warnings, 0 errors
compiling driver2.c...
qr_protocol.h(47): warning:  #9-D: nested comment is not allowed
  ////////////////////////////////////////////////////////*/
qr_protocol.h(103): warning:  #9-D: nested comment is not allowed
  ////////////////////////////////////////////////////////*/
qr_protocol.h(126): warning:  #9-D: nested comment is not allowed
  ////////////////////////////////////////////////////////*/
driver2.h(36): warning:  #1-D: last line of file ends without a newline
  #endif
pwm.h(11): warning:  #1-D: last line of file ends without a newline
  #endif
main.h(66): warning:  #14-D: extra text after expected end of preprocessing directive
  #ifndef       DEBUG_DATA_FEEDBACK && DEBUG_DATA_ERR && DEBUG_DATA_TRANS && DEBUG_CPU_USAGE
driver2.c(629): warning:  #1-D: last line of file ends without a newline
  }
driver2.c: 7 warnings, 0 errors
linking...
Program Size: Code=29720 RO-data=896 RW-data=376 ZI-data=17024  
FromELF: creating hex file...
"..\OBJ\Template.axf" - 0 Error(s), 58 Warning(s).

<h2>Collection of Component include folders:</h2>
  E:\Laboratory\Penguin project\node program\Penguin_node_program\penguin robot\Project\RTE
  C:\Keil_v5\ARM\PACK\Keil\STM32F1xx_DFP\2.2.0

<h2>Collection of Component Files used:</h2>
</pre>
</body>
</html>
