<html>
<body>
<pre>
<h1>礦ision Build Log</h1>
<h2>Tool Versions:</h2>
IDE-Version: μVision V5.14.0.0
Copyright (C) 2015 ARM Ltd and ARM Germany GmbH. All rights reserved.
License Information: liao liao, liao, LIC=3UUHL-0P4V0-QGQ7I-T3M3E-G59IE-6WTH5
 
Tool Versions:
Toolchain:       MDK-ARM Professional  Version: 5.14.0.0
Toolchain Path:  f:\Keil_v5\ARM\ARMCC\Bin
C Compiler:      Armcc.exe V5.05 update 1 (build 106)
Assembler:       Armasm.exe V5.05 update 1 (build 106)
Linker/Locator:  ArmLink.exe V5.05 update 1 (build 106)
Library Manager: ArmAr.exe V5.05 update 1 (build 106)
Hex Converter:   FromElf.exe V5.05 update 1 (build 106)
CPU DLL:         SARMCM3.DLL V5.14.0.0
Dialog DLL:      DARMSTM.DLL V1.65.0.0
Target DLL:      Segger\JL2CM3.dll V2.99.13.0
Dialog DLL:      TARMSTM.DLL V1.64.0.0
 
<h2>Project:</h2>
C:\Users\Administrator\Desktop\节点板程序\penguin robot\Project\Template.uvprojx
Project File Date:  04/06/2019

<h2>Output:</h2>
Build target 'Template'
compiling can.c...
..\Project\qr_protocol.h(47): warning:  #9-D: nested comment is not allowed
  ////////////////////////////////////////////////////////*/
..\Project\qr_protocol.h(105): warning:  #9-D: nested comment is not allowed
  ////////////////////////////////////////////////////////*/
..\Project\qr_protocol.h(128): warning:  #9-D: nested comment is not allowed
  ////////////////////////////////////////////////////////*/
..\Project\driver2.h(36): warning:  #1-D: last line of file ends without a newline
  #endif
..\Project\pwm.h(11): warning:  #1-D: last line of file ends without a newline
  #endif
..\Project\main.h(66): warning:  #14-D: extra text after expected end of preprocessing directive
  #ifndef       DEBUG_DATA_FEEDBACK && DEBUG_DATA_ERR && DEBUG_DATA_TRANS && DEBUG_CPU_USAGE
..\HARDWAVE\CAN\can.c(53): warning:  #177-D: variable "maskId" was declared but never referenced
        uint16_t maskId;                                                        
..\HARDWAVE\CAN\can.c(220): warning:  #223-D: function "memcpy" declared implicitly
        memcpy(DATA, RxMessage.Data, 8);
..\HARDWAVE\CAN\can.c(203): warning:  #177-D: variable "err1" was declared but never referenced
        OS_ERR err,err1;
..\HARDWAVE\CAN\can.c(311): warning:  #177-D: variable "motorPosition" was declared but never referenced
        int32_t motorPosition = 0;
..\HARDWAVE\CAN\can.c(374): warning:  #223-D: function "memset" declared implicitly
        memset(&TxMessage.Data,0,sizeof(TxMessage.Data));               //清空数据缓存区
..\HARDWAVE\CAN\can.c(447): warning:  #223-D: function "memset" declared implicitly
                memset(can1Buffer,0x00,sizeof(can1Buffer));                                             //清空can缓冲区 
..\HARDWAVE\CAN\can.c: 12 warnings, 0 errors
linking...
Program Size: Code=29720 RO-data=896 RW-data=472 ZI-data=16928  
FromELF: creating hex file...
"..\OBJ\Template.axf" - 0 Error(s), 12 Warning(s).

<h2>Collection of Component include folders:</h2>
  C:\Users\Administrator\Desktop\节点板程序\penguin robot\Project\RTE
  f:\Keil_v5\ARM\PACK\Keil\STM32F1xx_DFP\1.0.5\Device\Include

<h2>Collection of Component Files used:</h2>
</pre>
</body>
</html>
